[0.458s] DEBUG:colcon:Command line arguments: ['/usr/bin/colcon', 'build', '--packages-select', 'rk_go2_sdk_bridge', '--allow-overriding', 'rk_go2_sdk_bridge']
[0.458s] DEBUG:colcon:Parsed command line arguments: Namespace(allow_overriding=['rk_go2_sdk_bridge'], ament_cmake_args=None, base_paths=['.'], build_base='build', catkin_cmake_args=None, catkin_skip_building_tests=False, cmake_args=None, cmake_clean_cache=False, cmake_clean_first=False, cmake_force_configure=False, cmake_target=None, cmake_target_skip_unavailable=False, continue_on_error=False, event_handlers=None, executor='parallel', ignore_user_meta=False, install_base='install', log_base=None, log_level=None, main=<bound method BuildVerb.main of <colcon_core.verb.build.BuildVerb object at 0xffff8cf06880>>, merge_install=False, metas=['./colcon.meta'], packages_above=None, packages_above_and_dependencies=None, packages_above_depth=None, packages_end=None, packages_ignore=None, packages_ignore_regex=None, packages_select=['rk_go2_sdk_bridge'], packages_select_build_failed=False, packages_select_by_dep=None, packages_select_regex=None, packages_select_test_failures=False, packages_skip=None, packages_skip_build_finished=False, packages_skip_by_dep=None, packages_skip_regex=None, packages_skip_test_passed=False, packages_skip_up_to=None, packages_start=None, packages_up_to=None, packages_up_to_regex=None, parallel_workers=6, paths=None, symlink_install=False, test_result_base=None, verb_extension=<colcon_core.verb.build.BuildVerb object at 0xffff8cf06880>, verb_name='build', verb_parser=<colcon_defaults.argument_parser.defaults.DefaultArgumentsDecorator object at 0xffff8ce07940>)
[0.805s] Level 1:colcon.colcon_core.package_discovery:discover_packages(colcon_meta) check parameters
[0.805s] Level 1:colcon.colcon_core.package_discovery:discover_packages(recursive) check parameters
[0.805s] Level 1:colcon.colcon_core.package_discovery:discover_packages(ignore) check parameters
[0.806s] Level 1:colcon.colcon_core.package_discovery:discover_packages(path) check parameters
[0.806s] Level 1:colcon.colcon_core.package_discovery:discover_packages(colcon_meta) discover
[0.806s] Level 1:colcon.colcon_core.package_discovery:discover_packages(recursive) discover
[0.806s] INFO:colcon.colcon_core.package_discovery:Crawling recursively for packages in '/home/unitree/rk_inspection_ws/tools/go2_legacy_stair_cli/build'
[0.806s] Level 1:colcon.colcon_core.package_identification:_identify(.) by extensions ['ignore', 'ignore_ament_install']
[0.806s] Level 1:colcon.colcon_core.package_identification:_identify(.) by extension 'ignore'
[0.807s] Level 1:colcon.colcon_core.package_identification:_identify(.) by extension 'ignore_ament_install'
[0.807s] Level 1:colcon.colcon_core.package_identification:_identify(.) by extensions ['colcon_pkg']
[0.807s] Level 1:colcon.colcon_core.package_identification:_identify(.) by extension 'colcon_pkg'
[0.807s] Level 1:colcon.colcon_core.package_identification:_identify(.) by extensions ['colcon_meta']
[0.807s] Level 1:colcon.colcon_core.package_identification:_identify(.) by extension 'colcon_meta'
[0.807s] Level 1:colcon.colcon_core.package_identification:_identify(.) by extensions ['ros']
[0.807s] Level 1:colcon.colcon_core.package_identification:_identify(.) by extension 'ros'
[0.830s] Level 1:colcon.colcon_core.package_identification:_identify(.) by extensions ['cmake', 'python']
[0.830s] Level 1:colcon.colcon_core.package_identification:_identify(.) by extension 'cmake'
[0.830s] Level 1:colcon.colcon_core.package_identification:_identify(.) by extension 'python'
[0.830s] Level 1:colcon.colcon_core.package_identification:_identify(.) by extensions ['python_setup_py']
[0.830s] Level 1:colcon.colcon_core.package_identification:_identify(.) by extension 'python_setup_py'
[0.831s] Level 1:colcon.colcon_core.package_identification:_identify(CMakeFiles) by extensions ['ignore', 'ignore_ament_install']
[0.831s] Level 1:colcon.colcon_core.package_identification:_identify(CMakeFiles) by extension 'ignore'
[0.831s] Level 1:colcon.colcon_core.package_identification:_identify(CMakeFiles) by extension 'ignore_ament_install'
[0.831s] Level 1:colcon.colcon_core.package_identification:_identify(CMakeFiles) by extensions ['colcon_pkg']
[0.831s] Level 1:colcon.colcon_core.package_identification:_identify(CMakeFiles) by extension 'colcon_pkg'
[0.831s] Level 1:colcon.colcon_core.package_identification:_identify(CMakeFiles) by extensions ['colcon_meta']
[0.832s] Level 1:colcon.colcon_core.package_identification:_identify(CMakeFiles) by extension 'colcon_meta'
[0.832s] Level 1:colcon.colcon_core.package_identification:_identify(CMakeFiles) by extensions ['ros']
[0.832s] Level 1:colcon.colcon_core.package_identification:_identify(CMakeFiles) by extension 'ros'
[0.832s] Level 1:colcon.colcon_core.package_identification:_identify(CMakeFiles) by extensions ['cmake', 'python']
[0.832s] Level 1:colcon.colcon_core.package_identification:_identify(CMakeFiles) by extension 'cmake'
[0.832s] Level 1:colcon.colcon_core.package_identification:_identify(CMakeFiles) by extension 'python'
[0.832s] Level 1:colcon.colcon_core.package_identification:_identify(CMakeFiles) by extensions ['python_setup_py']
[0.832s] Level 1:colcon.colcon_core.package_identification:_identify(CMakeFiles) by extension 'python_setup_py'
[0.832s] Level 1:colcon.colcon_core.package_identification:_identify(CMakeFiles/3.16.3) by extensions ['ignore', 'ignore_ament_install']
[0.833s] Level 1:colcon.colcon_core.package_identification:_identify(CMakeFiles/3.16.3) by extension 'ignore'
[0.833s] Level 1:colcon.colcon_core.package_identification:_identify(CMakeFiles/3.16.3) by extension 'ignore_ament_install'
[0.833s] Level 1:colcon.colcon_core.package_identification:_identify(CMakeFiles/3.16.3) by extensions ['colcon_pkg']
[0.833s] Level 1:colcon.colcon_core.package_identification:_identify(CMakeFiles/3.16.3) by extension 'colcon_pkg'
[0.833s] Level 1:colcon.colcon_core.package_identification:_identify(CMakeFiles/3.16.3) by extensions ['colcon_meta']
[0.833s] Level 1:colcon.colcon_core.package_identification:_identify(CMakeFiles/3.16.3) by extension 'colcon_meta'
[0.833s] Level 1:colcon.colcon_core.package_identification:_identify(CMakeFiles/3.16.3) by extensions ['ros']
[0.833s] Level 1:colcon.colcon_core.package_identification:_identify(CMakeFiles/3.16.3) by extension 'ros'
[0.833s] Level 1:colcon.colcon_core.package_identification:_identify(CMakeFiles/3.16.3) by extensions ['cmake', 'python']
[0.833s] Level 1:colcon.colcon_core.package_identification:_identify(CMakeFiles/3.16.3) by extension 'cmake'
[0.833s] Level 1:colcon.colcon_core.package_identification:_identify(CMakeFiles/3.16.3) by extension 'python'
[0.834s] Level 1:colcon.colcon_core.package_identification:_identify(CMakeFiles/3.16.3) by extensions ['python_setup_py']
[0.834s] Level 1:colcon.colcon_core.package_identification:_identify(CMakeFiles/3.16.3) by extension 'python_setup_py'
[0.834s] Level 1:colcon.colcon_core.package_identification:_identify(CMakeFiles/3.16.3/CompilerIdCXX) by extensions ['ignore', 'ignore_ament_install']
[0.834s] Level 1:colcon.colcon_core.package_identification:_identify(CMakeFiles/3.16.3/CompilerIdCXX) by extension 'ignore'
[0.834s] Level 1:colcon.colcon_core.package_identification:_identify(CMakeFiles/3.16.3/CompilerIdCXX) by extension 'ignore_ament_install'
[0.834s] Level 1:colcon.colcon_core.package_identification:_identify(CMakeFiles/3.16.3/CompilerIdCXX) by extensions ['colcon_pkg']
[0.834s] Level 1:colcon.colcon_core.package_identification:_identify(CMakeFiles/3.16.3/CompilerIdCXX) by extension 'colcon_pkg'
[0.834s] Level 1:colcon.colcon_core.package_identification:_identify(CMakeFiles/3.16.3/CompilerIdCXX) by extensions ['colcon_meta']
[0.834s] Level 1:colcon.colcon_core.package_identification:_identify(CMakeFiles/3.16.3/CompilerIdCXX) by extension 'colcon_meta'
[0.835s] Level 1:colcon.colcon_core.package_identification:_identify(CMakeFiles/3.16.3/CompilerIdCXX) by extensions ['ros']
[0.835s] Level 1:colcon.colcon_core.package_identification:_identify(CMakeFiles/3.16.3/CompilerIdCXX) by extension 'ros'
[0.835s] Level 1:colcon.colcon_core.package_identification:_identify(CMakeFiles/3.16.3/CompilerIdCXX) by extensions ['cmake', 'python']
[0.835s] Level 1:colcon.colcon_core.package_identification:_identify(CMakeFiles/3.16.3/CompilerIdCXX) by extension 'cmake'
[0.835s] Level 1:colcon.colcon_core.package_identification:_identify(CMakeFiles/3.16.3/CompilerIdCXX) by extension 'python'
[0.835s] Level 1:colcon.colcon_core.package_identification:_identify(CMakeFiles/3.16.3/CompilerIdCXX) by extensions ['python_setup_py']
[0.835s] Level 1:colcon.colcon_core.package_identification:_identify(CMakeFiles/3.16.3/CompilerIdCXX) by extension 'python_setup_py'
[0.835s] Level 1:colcon.colcon_core.package_identification:_identify(CMakeFiles/3.16.3/CompilerIdCXX/tmp) by extensions ['ignore', 'ignore_ament_install']
[0.835s] Level 1:colcon.colcon_core.package_identification:_identify(CMakeFiles/3.16.3/CompilerIdCXX/tmp) by extension 'ignore'
[0.836s] Level 1:colcon.colcon_core.package_identification:_identify(CMakeFiles/3.16.3/CompilerIdCXX/tmp) by extension 'ignore_ament_install'
[0.836s] Level 1:colcon.colcon_core.package_identification:_identify(CMakeFiles/3.16.3/CompilerIdCXX/tmp) by extensions ['colcon_pkg']
[0.836s] Level 1:colcon.colcon_core.package_identification:_identify(CMakeFiles/3.16.3/CompilerIdCXX/tmp) by extension 'colcon_pkg'
[0.836s] Level 1:colcon.colcon_core.package_identification:_identify(CMakeFiles/3.16.3/CompilerIdCXX/tmp) by extensions ['colcon_meta']
[0.836s] Level 1:colcon.colcon_core.package_identification:_identify(CMakeFiles/3.16.3/CompilerIdCXX/tmp) by extension 'colcon_meta'
[0.836s] Level 1:colcon.colcon_core.package_identification:_identify(CMakeFiles/3.16.3/CompilerIdCXX/tmp) by extensions ['ros']
[0.836s] Level 1:colcon.colcon_core.package_identification:_identify(CMakeFiles/3.16.3/CompilerIdCXX/tmp) by extension 'ros'
[0.836s] Level 1:colcon.colcon_core.package_identification:_identify(CMakeFiles/3.16.3/CompilerIdCXX/tmp) by extensions ['cmake', 'python']
[0.836s] Level 1:colcon.colcon_core.package_identification:_identify(CMakeFiles/3.16.3/CompilerIdCXX/tmp) by extension 'cmake'
[0.836s] Level 1:colcon.colcon_core.package_identification:_identify(CMakeFiles/3.16.3/CompilerIdCXX/tmp) by extension 'python'
[0.836s] Level 1:colcon.colcon_core.package_identification:_identify(CMakeFiles/3.16.3/CompilerIdCXX/tmp) by extensions ['python_setup_py']
[0.837s] Level 1:colcon.colcon_core.package_identification:_identify(CMakeFiles/3.16.3/CompilerIdCXX/tmp) by extension 'python_setup_py'
[0.837s] Level 1:colcon.colcon_core.package_identification:_identify(CMakeFiles/CMakeTmp) by extensions ['ignore', 'ignore_ament_install']
[0.837s] Level 1:colcon.colcon_core.package_identification:_identify(CMakeFiles/CMakeTmp) by extension 'ignore'
[0.837s] Level 1:colcon.colcon_core.package_identification:_identify(CMakeFiles/CMakeTmp) by extension 'ignore_ament_install'
[0.837s] Level 1:colcon.colcon_core.package_identification:_identify(CMakeFiles/CMakeTmp) by extensions ['colcon_pkg']
[0.837s] Level 1:colcon.colcon_core.package_identification:_identify(CMakeFiles/CMakeTmp) by extension 'colcon_pkg'
[0.837s] Level 1:colcon.colcon_core.package_identification:_identify(CMakeFiles/CMakeTmp) by extensions ['colcon_meta']
[0.837s] Level 1:colcon.colcon_core.package_identification:_identify(CMakeFiles/CMakeTmp) by extension 'colcon_meta'
[0.837s] Level 1:colcon.colcon_core.package_identification:_identify(CMakeFiles/CMakeTmp) by extensions ['ros']
[0.837s] Level 1:colcon.colcon_core.package_identification:_identify(CMakeFiles/CMakeTmp) by extension 'ros'
[0.838s] Level 1:colcon.colcon_core.package_identification:_identify(CMakeFiles/CMakeTmp) by extensions ['cmake', 'python']
[0.838s] Level 1:colcon.colcon_core.package_identification:_identify(CMakeFiles/CMakeTmp) by extension 'cmake'
[0.838s] Level 1:colcon.colcon_core.package_identification:_identify(CMakeFiles/CMakeTmp) by extension 'python'
[0.838s] Level 1:colcon.colcon_core.package_identification:_identify(CMakeFiles/CMakeTmp) by extensions ['python_setup_py']
[0.838s] Level 1:colcon.colcon_core.package_identification:_identify(CMakeFiles/CMakeTmp) by extension 'python_setup_py'
[0.838s] Level 1:colcon.colcon_core.package_identification:_identify(CMakeFiles/go2_legacy_stair_cli.dir) by extensions ['ignore', 'ignore_ament_install']
[0.838s] Level 1:colcon.colcon_core.package_identification:_identify(CMakeFiles/go2_legacy_stair_cli.dir) by extension 'ignore'
[0.838s] Level 1:colcon.colcon_core.package_identification:_identify(CMakeFiles/go2_legacy_stair_cli.dir) by extension 'ignore_ament_install'
[0.839s] Level 1:colcon.colcon_core.package_identification:_identify(CMakeFiles/go2_legacy_stair_cli.dir) by extensions ['colcon_pkg']
[0.839s] Level 1:colcon.colcon_core.package_identification:_identify(CMakeFiles/go2_legacy_stair_cli.dir) by extension 'colcon_pkg'
[0.839s] Level 1:colcon.colcon_core.package_identification:_identify(CMakeFiles/go2_legacy_stair_cli.dir) by extensions ['colcon_meta']
[0.839s] Level 1:colcon.colcon_core.package_identification:_identify(CMakeFiles/go2_legacy_stair_cli.dir) by extension 'colcon_meta'
[0.839s] Level 1:colcon.colcon_core.package_identification:_identify(CMakeFiles/go2_legacy_stair_cli.dir) by extensions ['ros']
[0.839s] Level 1:colcon.colcon_core.package_identification:_identify(CMakeFiles/go2_legacy_stair_cli.dir) by extension 'ros'
[0.839s] Level 1:colcon.colcon_core.package_identification:_identify(CMakeFiles/go2_legacy_stair_cli.dir) by extensions ['cmake', 'python']
[0.839s] Level 1:colcon.colcon_core.package_identification:_identify(CMakeFiles/go2_legacy_stair_cli.dir) by extension 'cmake'
[0.839s] Level 1:colcon.colcon_core.package_identification:_identify(CMakeFiles/go2_legacy_stair_cli.dir) by extension 'python'
[0.839s] Level 1:colcon.colcon_core.package_identification:_identify(CMakeFiles/go2_legacy_stair_cli.dir) by extensions ['python_setup_py']
[0.839s] Level 1:colcon.colcon_core.package_identification:_identify(CMakeFiles/go2_legacy_stair_cli.dir) by extension 'python_setup_py'
[0.840s] Level 1:colcon.colcon_core.package_identification:_identify(build) by extensions ['ignore', 'ignore_ament_install']
[0.840s] Level 1:colcon.colcon_core.package_identification:_identify(build) by extension 'ignore'
[0.840s] Level 1:colcon.colcon_core.package_identification:_identify(build) ignored
[0.840s] Level 1:colcon.colcon_core.package_identification:_identify(install) by extensions ['ignore', 'ignore_ament_install']
[0.840s] Level 1:colcon.colcon_core.package_identification:_identify(install) by extension 'ignore'
[0.840s] Level 1:colcon.colcon_core.package_identification:_identify(install) ignored
[0.840s] Level 1:colcon.colcon_core.package_identification:_identify(log) by extensions ['ignore', 'ignore_ament_install']
[0.841s] Level 1:colcon.colcon_core.package_identification:_identify(log) by extension 'ignore'
[0.841s] Level 1:colcon.colcon_core.package_identification:_identify(log) ignored
[0.841s] Level 1:colcon.colcon_core.package_discovery:discover_packages(recursive) using defaults
[0.841s] Level 1:colcon.colcon_core.package_discovery:discover_packages(ignore) discover
[0.841s] Level 1:colcon.colcon_core.package_discovery:discover_packages(ignore) using defaults
[0.841s] Level 1:colcon.colcon_core.package_discovery:discover_packages(path) discover
[0.841s] Level 1:colcon.colcon_core.package_discovery:discover_packages(path) using defaults
[0.842s] WARNING:colcon.colcon_core.package_selection:ignoring unknown package 'rk_go2_sdk_bridge' in --packages-select
[0.842s] WARNING:colcon.colcon_core.package_selection:ignoring unknown package 'rk_go2_sdk_bridge' in --allow-overriding
[0.876s] Level 1:colcon.colcon_core.package_discovery:discover_packages(prefix_path) check parameters
[0.876s] Level 1:colcon.colcon_core.package_discovery:discover_packages(prefix_path) discover
[0.881s] DEBUG:colcon.colcon_installed_package_information.package_discovery:Found 14 installed packages in /home/unitree/rk_inspection_ws/install
[0.884s] DEBUG:colcon.colcon_installed_package_information.package_discovery:Found 296 installed packages in /opt/ros/foxy
[0.917s] Level 1:colcon.colcon_core.package_discovery:discover_packages(prefix_path) using defaults
[1.053s] INFO:colcon.colcon_core.executor:Executing jobs using 'parallel' executor
[1.056s] DEBUG:colcon.colcon_parallel_executor.executor.parallel:run_until_complete
[1.056s] DEBUG:colcon.colcon_parallel_executor.executor.parallel:closing loop
[1.056s] DEBUG:colcon.colcon_parallel_executor.executor.parallel:loop closed
[1.056s] DEBUG:colcon.colcon_parallel_executor.executor.parallel:run_until_complete finished with '0'
[1.056s] DEBUG:colcon.colcon_core.event_reactor:joining thread
[1.057s] DEBUG:colcon.colcon_core.event_reactor:joined thread
[1.061s] INFO:colcon.colcon_core.plugin_system:Skipping extension 'colcon_core.shell.bat': Not used on non-Windows systems
[1.062s] INFO:colcon.colcon_core.shell:Creating prefix script '/home/unitree/rk_inspection_ws/tools/go2_legacy_stair_cli/build/install/local_setup.ps1'
[1.064s] INFO:colcon.colcon_core.shell:Creating prefix util module '/home/unitree/rk_inspection_ws/tools/go2_legacy_stair_cli/build/install/_local_setup_util_ps1.py'
[1.066s] INFO:colcon.colcon_core.shell:Creating prefix chain script '/home/unitree/rk_inspection_ws/tools/go2_legacy_stair_cli/build/install/setup.ps1'
[1.070s] INFO:colcon.colcon_core.shell:Creating prefix script '/home/unitree/rk_inspection_ws/tools/go2_legacy_stair_cli/build/install/local_setup.sh'
[1.071s] INFO:colcon.colcon_core.shell:Creating prefix util module '/home/unitree/rk_inspection_ws/tools/go2_legacy_stair_cli/build/install/_local_setup_util_sh.py'
[1.072s] INFO:colcon.colcon_core.shell:Creating prefix chain script '/home/unitree/rk_inspection_ws/tools/go2_legacy_stair_cli/build/install/setup.sh'
[1.075s] INFO:colcon.colcon_core.shell:Creating prefix script '/home/unitree/rk_inspection_ws/tools/go2_legacy_stair_cli/build/install/local_setup.bash'
[1.076s] INFO:colcon.colcon_core.shell:Creating prefix chain script '/home/unitree/rk_inspection_ws/tools/go2_legacy_stair_cli/build/install/setup.bash'
[1.079s] INFO:colcon.colcon_core.shell:Creating prefix script '/home/unitree/rk_inspection_ws/tools/go2_legacy_stair_cli/build/install/local_setup.zsh'
[1.080s] INFO:colcon.colcon_core.shell:Creating prefix chain script '/home/unitree/rk_inspection_ws/tools/go2_legacy_stair_cli/build/install/setup.zsh'
