[0.506s] DEBUG:colcon:Command line arguments: ['/usr/bin/colcon', 'build', '--symlink-install']
[0.509s] DEBUG:colcon:Parsed command line arguments: Namespace(log_base=None, log_level=None, verb_name='build', build_base='build', install_base='install', merge_install=False, symlink_install=True, test_result_base=None, continue_on_error=False, executor='parallel', parallel_workers=4, event_handlers=None, ignore_user_meta=False, metas=['./colcon.meta'], base_paths=['.'], packages_ignore=None, packages_ignore_regex=None, paths=None, packages_up_to=None, packages_up_to_regex=None, packages_above=None, packages_above_and_dependencies=None, packages_above_depth=None, packages_select_by_dep=None, packages_skip_by_dep=None, packages_skip_up_to=None, packages_select_build_failed=False, packages_skip_build_finished=False, packages_select_test_failures=False, packages_skip_test_passed=False, packages_select=None, packages_skip=None, packages_select_regex=None, packages_skip_regex=None, packages_start=None, packages_end=None, allow_overriding=[], cmake_args=None, cmake_target=None, cmake_target_skip_unavailable=False, cmake_clean_cache=False, cmake_clean_first=False, cmake_force_configure=False, ament_cmake_args=None, catkin_cmake_args=None, catkin_skip_building_tests=False, verb_parser=<colcon_defaults.argument_parser.defaults.DefaultArgumentsDecorator object at 0x729d4c7e77f0>, verb_extension=<colcon_core.verb.build.BuildVerb object at 0x729d4c968d30>, main=<bound method BuildVerb.main of <colcon_core.verb.build.BuildVerb object at 0x729d4c968d30>>)
[1.230s] Level 1:colcon.colcon_core.package_discovery:discover_packages(colcon_meta) check parameters
[1.230s] Level 1:colcon.colcon_core.package_discovery:discover_packages(recursive) check parameters
[1.231s] Level 1:colcon.colcon_core.package_discovery:discover_packages(ignore) check parameters
[1.231s] Level 1:colcon.colcon_core.package_discovery:discover_packages(path) check parameters
[1.231s] Level 1:colcon.colcon_core.package_discovery:discover_packages(colcon_meta) discover
[1.231s] Level 1:colcon.colcon_core.package_discovery:discover_packages(recursive) discover
[1.232s] INFO:colcon.colcon_core.package_discovery:Crawling recursively for packages in '/home/lzbb/rk_inspection_ws/third_party/unitree_ros2/cyclonedds_ws'
[1.232s] Level 1:colcon.colcon_core.package_identification:_identify(.) by extensions ['ignore', 'ignore_ament_install']
[1.232s] Level 1:colcon.colcon_core.package_identification:_identify(.) by extension 'ignore'
[1.232s] Level 1:colcon.colcon_core.package_identification:_identify(.) by extension 'ignore_ament_install'
[1.233s] Level 1:colcon.colcon_core.package_identification:_identify(.) by extensions ['colcon_pkg']
[1.233s] Level 1:colcon.colcon_core.package_identification:_identify(.) by extension 'colcon_pkg'
[1.233s] Level 1:colcon.colcon_core.package_identification:_identify(.) by extensions ['colcon_meta']
[1.233s] Level 1:colcon.colcon_core.package_identification:_identify(.) by extension 'colcon_meta'
[1.233s] Level 1:colcon.colcon_core.package_identification:_identify(.) by extensions ['ros']
[1.233s] Level 1:colcon.colcon_core.package_identification:_identify(.) by extension 'ros'
[1.290s] Level 1:colcon.colcon_core.package_identification:_identify(.) by extensions ['cmake', 'python']
[1.290s] Level 1:colcon.colcon_core.package_identification:_identify(.) by extension 'cmake'
[1.291s] Level 1:colcon.colcon_core.package_identification:_identify(.) by extension 'python'
[1.291s] Level 1:colcon.colcon_core.package_identification:_identify(.) by extensions ['python_setup_py']
[1.291s] Level 1:colcon.colcon_core.package_identification:_identify(.) by extension 'python_setup_py'
[1.292s] Level 1:colcon.colcon_core.package_identification:_identify(build) by extensions ['ignore', 'ignore_ament_install']
[1.293s] Level 1:colcon.colcon_core.package_identification:_identify(build) by extension 'ignore'
[1.293s] Level 1:colcon.colcon_core.package_identification:_identify(build) ignored
[1.294s] Level 1:colcon.colcon_core.package_identification:_identify(install) by extensions ['ignore', 'ignore_ament_install']
[1.294s] Level 1:colcon.colcon_core.package_identification:_identify(install) by extension 'ignore'
[1.294s] Level 1:colcon.colcon_core.package_identification:_identify(install) ignored
[1.295s] Level 1:colcon.colcon_core.package_identification:_identify(log) by extensions ['ignore', 'ignore_ament_install']
[1.295s] Level 1:colcon.colcon_core.package_identification:_identify(log) by extension 'ignore'
[1.296s] Level 1:colcon.colcon_core.package_identification:_identify(log) ignored
[1.297s] Level 1:colcon.colcon_core.package_identification:_identify(src) by extensions ['ignore', 'ignore_ament_install']
[1.297s] Level 1:colcon.colcon_core.package_identification:_identify(src) by extension 'ignore'
[1.298s] Level 1:colcon.colcon_core.package_identification:_identify(src) by extension 'ignore_ament_install'
[1.298s] Level 1:colcon.colcon_core.package_identification:_identify(src) by extensions ['colcon_pkg']
[1.298s] Level 1:colcon.colcon_core.package_identification:_identify(src) by extension 'colcon_pkg'
[1.298s] Level 1:colcon.colcon_core.package_identification:_identify(src) by extensions ['colcon_meta']
[1.299s] Level 1:colcon.colcon_core.package_identification:_identify(src) by extension 'colcon_meta'
[1.300s] Level 1:colcon.colcon_core.package_identification:_identify(src) by extensions ['ros']
[1.300s] Level 1:colcon.colcon_core.package_identification:_identify(src) by extension 'ros'
[1.300s] Level 1:colcon.colcon_core.package_identification:_identify(src) by extensions ['cmake', 'python']
[1.300s] Level 1:colcon.colcon_core.package_identification:_identify(src) by extension 'cmake'
[1.301s] Level 1:colcon.colcon_core.package_identification:_identify(src) by extension 'python'
[1.301s] Level 1:colcon.colcon_core.package_identification:_identify(src) by extensions ['python_setup_py']
[1.301s] Level 1:colcon.colcon_core.package_identification:_identify(src) by extension 'python_setup_py'
[1.301s] Level 1:colcon.colcon_core.package_identification:_identify(src/unitree) by extensions ['ignore', 'ignore_ament_install']
[1.302s] Level 1:colcon.colcon_core.package_identification:_identify(src/unitree) by extension 'ignore'
[1.302s] Level 1:colcon.colcon_core.package_identification:_identify(src/unitree) by extension 'ignore_ament_install'
[1.302s] Level 1:colcon.colcon_core.package_identification:_identify(src/unitree) by extensions ['colcon_pkg']
[1.302s] Level 1:colcon.colcon_core.package_identification:_identify(src/unitree) by extension 'colcon_pkg'
[1.302s] Level 1:colcon.colcon_core.package_identification:_identify(src/unitree) by extensions ['colcon_meta']
[1.304s] Level 1:colcon.colcon_core.package_identification:_identify(src/unitree) by extension 'colcon_meta'
[1.304s] Level 1:colcon.colcon_core.package_identification:_identify(src/unitree) by extensions ['ros']
[1.304s] Level 1:colcon.colcon_core.package_identification:_identify(src/unitree) by extension 'ros'
[1.305s] Level 1:colcon.colcon_core.package_identification:_identify(src/unitree) by extensions ['cmake', 'python']
[1.305s] Level 1:colcon.colcon_core.package_identification:_identify(src/unitree) by extension 'cmake'
[1.305s] Level 1:colcon.colcon_core.package_identification:_identify(src/unitree) by extension 'python'
[1.305s] Level 1:colcon.colcon_core.package_identification:_identify(src/unitree) by extensions ['python_setup_py']
[1.307s] Level 1:colcon.colcon_core.package_identification:_identify(src/unitree) by extension 'python_setup_py'
[1.307s] Level 1:colcon.colcon_core.package_identification:_identify(src/unitree/unitree_api) by extensions ['ignore', 'ignore_ament_install']
[1.307s] Level 1:colcon.colcon_core.package_identification:_identify(src/unitree/unitree_api) by extension 'ignore'
[1.307s] Level 1:colcon.colcon_core.package_identification:_identify(src/unitree/unitree_api) by extension 'ignore_ament_install'
[1.308s] Level 1:colcon.colcon_core.package_identification:_identify(src/unitree/unitree_api) by extensions ['colcon_pkg']
[1.308s] Level 1:colcon.colcon_core.package_identification:_identify(src/unitree/unitree_api) by extension 'colcon_pkg'
[1.308s] Level 1:colcon.colcon_core.package_identification:_identify(src/unitree/unitree_api) by extensions ['colcon_meta']
[1.308s] Level 1:colcon.colcon_core.package_identification:_identify(src/unitree/unitree_api) by extension 'colcon_meta'
[1.308s] Level 1:colcon.colcon_core.package_identification:_identify(src/unitree/unitree_api) by extensions ['ros']
[1.309s] Level 1:colcon.colcon_core.package_identification:_identify(src/unitree/unitree_api) by extension 'ros'
[1.321s] DEBUG:colcon.colcon_core.package_identification:Package 'src/unitree/unitree_api' with type 'ros.ament_cmake' and name 'unitree_api'
[1.322s] Level 1:colcon.colcon_core.package_identification:_identify(src/unitree/unitree_go) by extensions ['ignore', 'ignore_ament_install']
[1.322s] Level 1:colcon.colcon_core.package_identification:_identify(src/unitree/unitree_go) by extension 'ignore'
[1.323s] Level 1:colcon.colcon_core.package_identification:_identify(src/unitree/unitree_go) by extension 'ignore_ament_install'
[1.323s] Level 1:colcon.colcon_core.package_identification:_identify(src/unitree/unitree_go) by extensions ['colcon_pkg']
[1.323s] Level 1:colcon.colcon_core.package_identification:_identify(src/unitree/unitree_go) by extension 'colcon_pkg'
[1.324s] Level 1:colcon.colcon_core.package_identification:_identify(src/unitree/unitree_go) by extensions ['colcon_meta']
[1.324s] Level 1:colcon.colcon_core.package_identification:_identify(src/unitree/unitree_go) by extension 'colcon_meta'
[1.324s] Level 1:colcon.colcon_core.package_identification:_identify(src/unitree/unitree_go) by extensions ['ros']
[1.324s] Level 1:colcon.colcon_core.package_identification:_identify(src/unitree/unitree_go) by extension 'ros'
[1.327s] DEBUG:colcon.colcon_core.package_identification:Package 'src/unitree/unitree_go' with type 'ros.ament_cmake' and name 'unitree_go'
[1.328s] Level 1:colcon.colcon_core.package_identification:_identify(src/unitree/unitree_hg) by extensions ['ignore', 'ignore_ament_install']
[1.328s] Level 1:colcon.colcon_core.package_identification:_identify(src/unitree/unitree_hg) by extension 'ignore'
[1.329s] Level 1:colcon.colcon_core.package_identification:_identify(src/unitree/unitree_hg) by extension 'ignore_ament_install'
[1.329s] Level 1:colcon.colcon_core.package_identification:_identify(src/unitree/unitree_hg) by extensions ['colcon_pkg']
[1.329s] Level 1:colcon.colcon_core.package_identification:_identify(src/unitree/unitree_hg) by extension 'colcon_pkg'
[1.329s] Level 1:colcon.colcon_core.package_identification:_identify(src/unitree/unitree_hg) by extensions ['colcon_meta']
[1.329s] Level 1:colcon.colcon_core.package_identification:_identify(src/unitree/unitree_hg) by extension 'colcon_meta'
[1.329s] Level 1:colcon.colcon_core.package_identification:_identify(src/unitree/unitree_hg) by extensions ['ros']
[1.330s] Level 1:colcon.colcon_core.package_identification:_identify(src/unitree/unitree_hg) by extension 'ros'
[1.335s] DEBUG:colcon.colcon_core.package_identification:Package 'src/unitree/unitree_hg' with type 'ros.ament_cmake' and name 'unitree_hg'
[1.335s] Level 1:colcon.colcon_core.package_discovery:discover_packages(recursive) using defaults
[1.335s] Level 1:colcon.colcon_core.package_discovery:discover_packages(ignore) discover
[1.335s] Level 1:colcon.colcon_core.package_discovery:discover_packages(ignore) using defaults
[1.336s] Level 1:colcon.colcon_core.package_discovery:discover_packages(path) discover
[1.336s] Level 1:colcon.colcon_core.package_discovery:discover_packages(path) using defaults
[1.434s] Level 1:colcon.colcon_core.package_discovery:discover_packages(prefix_path) check parameters
[1.434s] Level 1:colcon.colcon_core.package_discovery:discover_packages(prefix_path) discover
[1.438s] WARNING:colcon.colcon_ros.prefix_path.ament:The path '/tmp/rk_rosidl_generator_dds_idl/opt/ros/humble' in the environment variable AMENT_PREFIX_PATH doesn't contain any 'local_setup.*' files.
[1.440s] DEBUG:colcon.colcon_installed_package_information.package_discovery:Found 1 installed packages in /home/lzbb/go2_ws/install
[1.443s] DEBUG:colcon.colcon_installed_package_information.package_discovery:Found 316 installed packages in /opt/ros/humble
[1.488s] Level 1:colcon.colcon_core.package_discovery:discover_packages(prefix_path) using defaults
[1.699s] Level 5:colcon.colcon_core.verb:set package 'unitree_api' build argument 'cmake_args' from command line to 'None'
[1.700s] Level 5:colcon.colcon_core.verb:set package 'unitree_api' build argument 'cmake_target' from command line to 'None'
[1.700s] Level 5:colcon.colcon_core.verb:set package 'unitree_api' build argument 'cmake_target_skip_unavailable' from command line to 'False'
[1.700s] Level 5:colcon.colcon_core.verb:set package 'unitree_api' build argument 'cmake_clean_cache' from command line to 'False'
[1.701s] Level 5:colcon.colcon_core.verb:set package 'unitree_api' build argument 'cmake_clean_first' from command line to 'False'
[1.701s] Level 5:colcon.colcon_core.verb:set package 'unitree_api' build argument 'cmake_force_configure' from command line to 'False'
[1.701s] Level 5:colcon.colcon_core.verb:set package 'unitree_api' build argument 'ament_cmake_args' from command line to 'None'
[1.701s] Level 5:colcon.colcon_core.verb:set package 'unitree_api' build argument 'catkin_cmake_args' from command line to 'None'
[1.701s] Level 5:colcon.colcon_core.verb:set package 'unitree_api' build argument 'catkin_skip_building_tests' from command line to 'False'
[1.701s] DEBUG:colcon.colcon_core.verb:Building package 'unitree_api' with the following arguments: {'ament_cmake_args': None, 'build_base': '/home/lzbb/rk_inspection_ws/third_party/unitree_ros2/cyclonedds_ws/build/unitree_api', 'catkin_cmake_args': None, 'catkin_skip_building_tests': False, 'cmake_args': None, 'cmake_clean_cache': False, 'cmake_clean_first': False, 'cmake_force_configure': False, 'cmake_target': None, 'cmake_target_skip_unavailable': False, 'install_base': '/home/lzbb/rk_inspection_ws/third_party/unitree_ros2/cyclonedds_ws/install/unitree_api', 'merge_install': False, 'path': '/home/lzbb/rk_inspection_ws/third_party/unitree_ros2/cyclonedds_ws/src/unitree/unitree_api', 'symlink_install': True, 'test_result_base': None}
[1.703s] Level 5:colcon.colcon_core.verb:set package 'unitree_go' build argument 'cmake_args' from command line to 'None'
[1.703s] Level 5:colcon.colcon_core.verb:set package 'unitree_go' build argument 'cmake_target' from command line to 'None'
[1.704s] Level 5:colcon.colcon_core.verb:set package 'unitree_go' build argument 'cmake_target_skip_unavailable' from command line to 'False'
[1.704s] Level 5:colcon.colcon_core.verb:set package 'unitree_go' build argument 'cmake_clean_cache' from command line to 'False'
[1.704s] Level 5:colcon.colcon_core.verb:set package 'unitree_go' build argument 'cmake_clean_first' from command line to 'False'
[1.704s] Level 5:colcon.colcon_core.verb:set package 'unitree_go' build argument 'cmake_force_configure' from command line to 'False'
[1.704s] Level 5:colcon.colcon_core.verb:set package 'unitree_go' build argument 'ament_cmake_args' from command line to 'None'
[1.704s] Level 5:colcon.colcon_core.verb:set package 'unitree_go' build argument 'catkin_cmake_args' from command line to 'None'
[1.704s] Level 5:colcon.colcon_core.verb:set package 'unitree_go' build argument 'catkin_skip_building_tests' from command line to 'False'
[1.704s] DEBUG:colcon.colcon_core.verb:Building package 'unitree_go' with the following arguments: {'ament_cmake_args': None, 'build_base': '/home/lzbb/rk_inspection_ws/third_party/unitree_ros2/cyclonedds_ws/build/unitree_go', 'catkin_cmake_args': None, 'catkin_skip_building_tests': False, 'cmake_args': None, 'cmake_clean_cache': False, 'cmake_clean_first': False, 'cmake_force_configure': False, 'cmake_target': None, 'cmake_target_skip_unavailable': False, 'install_base': '/home/lzbb/rk_inspection_ws/third_party/unitree_ros2/cyclonedds_ws/install/unitree_go', 'merge_install': False, 'path': '/home/lzbb/rk_inspection_ws/third_party/unitree_ros2/cyclonedds_ws/src/unitree/unitree_go', 'symlink_install': True, 'test_result_base': None}
[1.706s] Level 5:colcon.colcon_core.verb:set package 'unitree_hg' build argument 'cmake_args' from command line to 'None'
[1.707s] Level 5:colcon.colcon_core.verb:set package 'unitree_hg' build argument 'cmake_target' from command line to 'None'
[1.707s] Level 5:colcon.colcon_core.verb:set package 'unitree_hg' build argument 'cmake_target_skip_unavailable' from command line to 'False'
[1.707s] Level 5:colcon.colcon_core.verb:set package 'unitree_hg' build argument 'cmake_clean_cache' from command line to 'False'
[1.707s] Level 5:colcon.colcon_core.verb:set package 'unitree_hg' build argument 'cmake_clean_first' from command line to 'False'
[1.707s] Level 5:colcon.colcon_core.verb:set package 'unitree_hg' build argument 'cmake_force_configure' from command line to 'False'
[1.708s] Level 5:colcon.colcon_core.verb:set package 'unitree_hg' build argument 'ament_cmake_args' from command line to 'None'
[1.708s] Level 5:colcon.colcon_core.verb:set package 'unitree_hg' build argument 'catkin_cmake_args' from command line to 'None'
[1.708s] Level 5:colcon.colcon_core.verb:set package 'unitree_hg' build argument 'catkin_skip_building_tests' from command line to 'False'
[1.708s] DEBUG:colcon.colcon_core.verb:Building package 'unitree_hg' with the following arguments: {'ament_cmake_args': None, 'build_base': '/home/lzbb/rk_inspection_ws/third_party/unitree_ros2/cyclonedds_ws/build/unitree_hg', 'catkin_cmake_args': None, 'catkin_skip_building_tests': False, 'cmake_args': None, 'cmake_clean_cache': False, 'cmake_clean_first': False, 'cmake_force_configure': False, 'cmake_target': None, 'cmake_target_skip_unavailable': False, 'install_base': '/home/lzbb/rk_inspection_ws/third_party/unitree_ros2/cyclonedds_ws/install/unitree_hg', 'merge_install': False, 'path': '/home/lzbb/rk_inspection_ws/third_party/unitree_ros2/cyclonedds_ws/src/unitree/unitree_hg', 'symlink_install': True, 'test_result_base': None}
[1.708s] INFO:colcon.colcon_core.executor:Executing jobs using 'parallel' executor
[1.715s] DEBUG:colcon.colcon_parallel_executor.executor.parallel:run_until_complete
[1.717s] INFO:colcon.colcon_ros.task.ament_cmake.build:Building ROS package in '/home/lzbb/rk_inspection_ws/third_party/unitree_ros2/cyclonedds_ws/src/unitree/unitree_api' with build type 'ament_cmake'
[1.717s] INFO:colcon.colcon_cmake.task.cmake.build:Building CMake package in '/home/lzbb/rk_inspection_ws/third_party/unitree_ros2/cyclonedds_ws/src/unitree/unitree_api'
[1.728s] INFO:colcon.colcon_core.plugin_system:Skipping extension 'colcon_core.shell.bat': Not used on non-Windows systems
[1.730s] INFO:colcon.colcon_core.shell:Skip shell extension 'powershell' for command environment: Not usable outside of PowerShell
[1.730s] DEBUG:colcon.colcon_core.shell:Skip shell extension 'dsv' for command environment
[1.745s] INFO:colcon.colcon_ros.task.ament_cmake.build:Building ROS package in '/home/lzbb/rk_inspection_ws/third_party/unitree_ros2/cyclonedds_ws/src/unitree/unitree_go' with build type 'ament_cmake'
[1.745s] INFO:colcon.colcon_cmake.task.cmake.build:Building CMake package in '/home/lzbb/rk_inspection_ws/third_party/unitree_ros2/cyclonedds_ws/src/unitree/unitree_go'
[1.748s] INFO:colcon.colcon_core.shell:Skip shell extension 'powershell' for command environment: Not usable outside of PowerShell
[1.749s] DEBUG:colcon.colcon_core.shell:Skip shell extension 'dsv' for command environment
[1.769s] INFO:colcon.colcon_ros.task.ament_cmake.build:Building ROS package in '/home/lzbb/rk_inspection_ws/third_party/unitree_ros2/cyclonedds_ws/src/unitree/unitree_hg' with build type 'ament_cmake'
[1.770s] INFO:colcon.colcon_cmake.task.cmake.build:Building CMake package in '/home/lzbb/rk_inspection_ws/third_party/unitree_ros2/cyclonedds_ws/src/unitree/unitree_hg'
[1.772s] INFO:colcon.colcon_core.shell:Skip shell extension 'powershell' for command environment: Not usable outside of PowerShell
[1.772s] DEBUG:colcon.colcon_core.shell:Skip shell extension 'dsv' for command environment
[1.821s] DEBUG:colcon.colcon_core.event_handler.log_command:Invoking command in '/home/lzbb/rk_inspection_ws/third_party/unitree_ros2/cyclonedds_ws/build/unitree_api': CMAKE_PREFIX_PATH=${CMAKE_PREFIX_PATH}:/tmp/rk_rosidl_generator_dds_idl/opt/ros/humble:/opt/ros/humble /usr/bin/cmake --build /home/lzbb/rk_inspection_ws/third_party/unitree_ros2/cyclonedds_ws/build/unitree_api -- -j4 -l4
[1.844s] DEBUG:colcon.colcon_core.event_handler.log_command:Invoking command in '/home/lzbb/rk_inspection_ws/third_party/unitree_ros2/cyclonedds_ws/build/unitree_go': CMAKE_PREFIX_PATH=${CMAKE_PREFIX_PATH}:/tmp/rk_rosidl_generator_dds_idl/opt/ros/humble:/opt/ros/humble /usr/bin/cmake --build /home/lzbb/rk_inspection_ws/third_party/unitree_ros2/cyclonedds_ws/build/unitree_go -- -j4 -l4
[1.874s] DEBUG:colcon.colcon_core.event_handler.log_command:Invoking command in '/home/lzbb/rk_inspection_ws/third_party/unitree_ros2/cyclonedds_ws/build/unitree_hg': CMAKE_PREFIX_PATH=${CMAKE_PREFIX_PATH}:/tmp/rk_rosidl_generator_dds_idl/opt/ros/humble:/opt/ros/humble /usr/bin/cmake --build /home/lzbb/rk_inspection_ws/third_party/unitree_ros2/cyclonedds_ws/build/unitree_hg -- -j4 -l4
[379.724s] DEBUG:colcon.colcon_core.event_handler.log_command:Invoked command in '/home/lzbb/rk_inspection_ws/third_party/unitree_ros2/cyclonedds_ws/build/unitree_api' returned '0': CMAKE_PREFIX_PATH=${CMAKE_PREFIX_PATH}:/tmp/rk_rosidl_generator_dds_idl/opt/ros/humble:/opt/ros/humble /usr/bin/cmake --build /home/lzbb/rk_inspection_ws/third_party/unitree_ros2/cyclonedds_ws/build/unitree_api -- -j4 -l4
[379.782s] DEBUG:colcon.colcon_core.event_handler.log_command:Invoking command in '/home/lzbb/rk_inspection_ws/third_party/unitree_ros2/cyclonedds_ws/build/unitree_api': CMAKE_PREFIX_PATH=${CMAKE_PREFIX_PATH}:/tmp/rk_rosidl_generator_dds_idl/opt/ros/humble:/opt/ros/humble /usr/bin/cmake --install /home/lzbb/rk_inspection_ws/third_party/unitree_ros2/cyclonedds_ws/build/unitree_api
[398.916s] Level 1:colcon.colcon_core.environment:create_environment_scripts_only(unitree_api)
[398.920s] DEBUG:colcon.colcon_core.event_handler.log_command:Invoked command in '/home/lzbb/rk_inspection_ws/third_party/unitree_ros2/cyclonedds_ws/build/unitree_api' returned '0': CMAKE_PREFIX_PATH=${CMAKE_PREFIX_PATH}:/tmp/rk_rosidl_generator_dds_idl/opt/ros/humble:/opt/ros/humble /usr/bin/cmake --install /home/lzbb/rk_inspection_ws/third_party/unitree_ros2/cyclonedds_ws/build/unitree_api
[398.931s] Level 1:colcon.colcon_core.environment:checking '/home/lzbb/rk_inspection_ws/third_party/unitree_ros2/cyclonedds_ws/install/unitree_api' for CMake module files
[398.938s] Level 1:colcon.colcon_core.environment:checking '/home/lzbb/rk_inspection_ws/third_party/unitree_ros2/cyclonedds_ws/install/unitree_api' for CMake config files
[398.947s] Level 1:colcon.colcon_core.shell:create_environment_hook('unitree_api', 'cmake_prefix_path')
[398.950s] INFO:colcon.colcon_core.shell:Creating environment hook '/home/lzbb/rk_inspection_ws/third_party/unitree_ros2/cyclonedds_ws/install/unitree_api/share/unitree_api/hook/cmake_prefix_path.ps1'
[398.956s] INFO:colcon.colcon_core.shell:Creating environment descriptor '/home/lzbb/rk_inspection_ws/third_party/unitree_ros2/cyclonedds_ws/install/unitree_api/share/unitree_api/hook/cmake_prefix_path.dsv'
[398.960s] INFO:colcon.colcon_core.shell:Creating environment hook '/home/lzbb/rk_inspection_ws/third_party/unitree_ros2/cyclonedds_ws/install/unitree_api/share/unitree_api/hook/cmake_prefix_path.sh'
[398.964s] Level 1:colcon.colcon_core.environment:checking '/home/lzbb/rk_inspection_ws/third_party/unitree_ros2/cyclonedds_ws/install/unitree_api/lib'
[398.965s] Level 1:colcon.colcon_core.shell:create_environment_hook('unitree_api', 'ld_library_path_lib')
[398.965s] INFO:colcon.colcon_core.shell:Creating environment hook '/home/lzbb/rk_inspection_ws/third_party/unitree_ros2/cyclonedds_ws/install/unitree_api/share/unitree_api/hook/ld_library_path_lib.ps1'
[398.967s] INFO:colcon.colcon_core.shell:Creating environment descriptor '/home/lzbb/rk_inspection_ws/third_party/unitree_ros2/cyclonedds_ws/install/unitree_api/share/unitree_api/hook/ld_library_path_lib.dsv'
[398.968s] INFO:colcon.colcon_core.shell:Creating environment hook '/home/lzbb/rk_inspection_ws/third_party/unitree_ros2/cyclonedds_ws/install/unitree_api/share/unitree_api/hook/ld_library_path_lib.sh'
[398.971s] Level 1:colcon.colcon_core.environment:checking '/home/lzbb/rk_inspection_ws/third_party/unitree_ros2/cyclonedds_ws/install/unitree_api/bin'
[398.971s] Level 1:colcon.colcon_core.environment:checking '/home/lzbb/rk_inspection_ws/third_party/unitree_ros2/cyclonedds_ws/install/unitree_api/lib/pkgconfig/unitree_api.pc'
[398.972s] Level 1:colcon.colcon_core.environment:checking '/home/lzbb/rk_inspection_ws/third_party/unitree_ros2/cyclonedds_ws/install/unitree_api/lib/python3.10/site-packages'
[398.976s] Level 1:colcon.colcon_core.environment:checking '/home/lzbb/rk_inspection_ws/third_party/unitree_ros2/cyclonedds_ws/install/unitree_api/bin'
[398.979s] INFO:colcon.colcon_core.shell:Creating package script '/home/lzbb/rk_inspection_ws/third_party/unitree_ros2/cyclonedds_ws/install/unitree_api/share/unitree_api/package.ps1'
[398.987s] INFO:colcon.colcon_core.shell:Creating package descriptor '/home/lzbb/rk_inspection_ws/third_party/unitree_ros2/cyclonedds_ws/install/unitree_api/share/unitree_api/package.dsv'
[398.991s] INFO:colcon.colcon_core.shell:Creating package script '/home/lzbb/rk_inspection_ws/third_party/unitree_ros2/cyclonedds_ws/install/unitree_api/share/unitree_api/package.sh'
[398.994s] INFO:colcon.colcon_core.shell:Creating package script '/home/lzbb/rk_inspection_ws/third_party/unitree_ros2/cyclonedds_ws/install/unitree_api/share/unitree_api/package.bash'
[398.998s] INFO:colcon.colcon_core.shell:Creating package script '/home/lzbb/rk_inspection_ws/third_party/unitree_ros2/cyclonedds_ws/install/unitree_api/share/unitree_api/package.zsh'
[399.001s] Level 1:colcon.colcon_core.environment:create_file_with_runtime_dependencies(/home/lzbb/rk_inspection_ws/third_party/unitree_ros2/cyclonedds_ws/install/unitree_api/share/colcon-core/packages/unitree_api)
[399.006s] Level 1:colcon.colcon_core.environment:create_environment_scripts_only(unitree_api)
[399.008s] Level 1:colcon.colcon_core.environment:checking '/home/lzbb/rk_inspection_ws/third_party/unitree_ros2/cyclonedds_ws/install/unitree_api' for CMake module files
[399.010s] Level 1:colcon.colcon_core.environment:checking '/home/lzbb/rk_inspection_ws/third_party/unitree_ros2/cyclonedds_ws/install/unitree_api' for CMake config files
[399.016s] Level 1:colcon.colcon_core.shell:create_environment_hook('unitree_api', 'cmake_prefix_path')
[399.017s] INFO:colcon.colcon_core.shell:Creating environment hook '/home/lzbb/rk_inspection_ws/third_party/unitree_ros2/cyclonedds_ws/install/unitree_api/share/unitree_api/hook/cmake_prefix_path.ps1'
[399.018s] INFO:colcon.colcon_core.shell:Creating environment descriptor '/home/lzbb/rk_inspection_ws/third_party/unitree_ros2/cyclonedds_ws/install/unitree_api/share/unitree_api/hook/cmake_prefix_path.dsv'
[399.020s] INFO:colcon.colcon_core.shell:Creating environment hook '/home/lzbb/rk_inspection_ws/third_party/unitree_ros2/cyclonedds_ws/install/unitree_api/share/unitree_api/hook/cmake_prefix_path.sh'
[399.025s] Level 1:colcon.colcon_core.environment:checking '/home/lzbb/rk_inspection_ws/third_party/unitree_ros2/cyclonedds_ws/install/unitree_api/lib'
[399.026s] Level 1:colcon.colcon_core.shell:create_environment_hook('unitree_api', 'ld_library_path_lib')
[399.027s] INFO:colcon.colcon_core.shell:Creating environment hook '/home/lzbb/rk_inspection_ws/third_party/unitree_ros2/cyclonedds_ws/install/unitree_api/share/unitree_api/hook/ld_library_path_lib.ps1'
[399.028s] INFO:colcon.colcon_core.shell:Creating environment descriptor '/home/lzbb/rk_inspection_ws/third_party/unitree_ros2/cyclonedds_ws/install/unitree_api/share/unitree_api/hook/ld_library_path_lib.dsv'
[399.031s] INFO:colcon.colcon_core.shell:Creating environment hook '/home/lzbb/rk_inspection_ws/third_party/unitree_ros2/cyclonedds_ws/install/unitree_api/share/unitree_api/hook/ld_library_path_lib.sh'
[399.035s] Level 1:colcon.colcon_core.environment:checking '/home/lzbb/rk_inspection_ws/third_party/unitree_ros2/cyclonedds_ws/install/unitree_api/bin'
[399.036s] Level 1:colcon.colcon_core.environment:checking '/home/lzbb/rk_inspection_ws/third_party/unitree_ros2/cyclonedds_ws/install/unitree_api/lib/pkgconfig/unitree_api.pc'
[399.037s] Level 1:colcon.colcon_core.environment:checking '/home/lzbb/rk_inspection_ws/third_party/unitree_ros2/cyclonedds_ws/install/unitree_api/lib/python3.10/site-packages'
[399.038s] Level 1:colcon.colcon_core.environment:checking '/home/lzbb/rk_inspection_ws/third_party/unitree_ros2/cyclonedds_ws/install/unitree_api/bin'
[399.039s] INFO:colcon.colcon_core.shell:Creating package script '/home/lzbb/rk_inspection_ws/third_party/unitree_ros2/cyclonedds_ws/install/unitree_api/share/unitree_api/package.ps1'
[399.045s] INFO:colcon.colcon_core.shell:Creating package descriptor '/home/lzbb/rk_inspection_ws/third_party/unitree_ros2/cyclonedds_ws/install/unitree_api/share/unitree_api/package.dsv'
[399.052s] INFO:colcon.colcon_core.shell:Creating package script '/home/lzbb/rk_inspection_ws/third_party/unitree_ros2/cyclonedds_ws/install/unitree_api/share/unitree_api/package.sh'
[399.056s] INFO:colcon.colcon_core.shell:Creating package script '/home/lzbb/rk_inspection_ws/third_party/unitree_ros2/cyclonedds_ws/install/unitree_api/share/unitree_api/package.bash'
[399.060s] INFO:colcon.colcon_core.shell:Creating package script '/home/lzbb/rk_inspection_ws/third_party/unitree_ros2/cyclonedds_ws/install/unitree_api/share/unitree_api/package.zsh'
[399.062s] Level 1:colcon.colcon_core.environment:create_file_with_runtime_dependencies(/home/lzbb/rk_inspection_ws/third_party/unitree_ros2/cyclonedds_ws/install/unitree_api/share/colcon-core/packages/unitree_api)
[412.116s] DEBUG:colcon.colcon_core.event_handler.log_command:Invoked command in '/home/lzbb/rk_inspection_ws/third_party/unitree_ros2/cyclonedds_ws/build/unitree_hg' returned '0': CMAKE_PREFIX_PATH=${CMAKE_PREFIX_PATH}:/tmp/rk_rosidl_generator_dds_idl/opt/ros/humble:/opt/ros/humble /usr/bin/cmake --build /home/lzbb/rk_inspection_ws/third_party/unitree_ros2/cyclonedds_ws/build/unitree_hg -- -j4 -l4
[412.123s] DEBUG:colcon.colcon_core.event_handler.log_command:Invoking command in '/home/lzbb/rk_inspection_ws/third_party/unitree_ros2/cyclonedds_ws/build/unitree_hg': CMAKE_PREFIX_PATH=${CMAKE_PREFIX_PATH}:/tmp/rk_rosidl_generator_dds_idl/opt/ros/humble:/opt/ros/humble /usr/bin/cmake --install /home/lzbb/rk_inspection_ws/third_party/unitree_ros2/cyclonedds_ws/build/unitree_hg
[421.754s] Level 1:colcon.colcon_core.environment:create_environment_scripts_only(unitree_hg)
[421.756s] Level 1:colcon.colcon_core.environment:checking '/home/lzbb/rk_inspection_ws/third_party/unitree_ros2/cyclonedds_ws/install/unitree_hg' for CMake module files
[421.764s] DEBUG:colcon.colcon_core.event_handler.log_command:Invoked command in '/home/lzbb/rk_inspection_ws/third_party/unitree_ros2/cyclonedds_ws/build/unitree_hg' returned '0': CMAKE_PREFIX_PATH=${CMAKE_PREFIX_PATH}:/tmp/rk_rosidl_generator_dds_idl/opt/ros/humble:/opt/ros/humble /usr/bin/cmake --install /home/lzbb/rk_inspection_ws/third_party/unitree_ros2/cyclonedds_ws/build/unitree_hg
[421.765s] Level 1:colcon.colcon_core.environment:checking '/home/lzbb/rk_inspection_ws/third_party/unitree_ros2/cyclonedds_ws/install/unitree_hg' for CMake config files
[421.772s] Level 1:colcon.colcon_core.shell:create_environment_hook('unitree_hg', 'cmake_prefix_path')
[421.774s] INFO:colcon.colcon_core.shell:Creating environment hook '/home/lzbb/rk_inspection_ws/third_party/unitree_ros2/cyclonedds_ws/install/unitree_hg/share/unitree_hg/hook/cmake_prefix_path.ps1'
[421.776s] INFO:colcon.colcon_core.shell:Creating environment descriptor '/home/lzbb/rk_inspection_ws/third_party/unitree_ros2/cyclonedds_ws/install/unitree_hg/share/unitree_hg/hook/cmake_prefix_path.dsv'
[421.777s] INFO:colcon.colcon_core.shell:Creating environment hook '/home/lzbb/rk_inspection_ws/third_party/unitree_ros2/cyclonedds_ws/install/unitree_hg/share/unitree_hg/hook/cmake_prefix_path.sh'
[421.779s] Level 1:colcon.colcon_core.environment:checking '/home/lzbb/rk_inspection_ws/third_party/unitree_ros2/cyclonedds_ws/install/unitree_hg/lib'
[421.779s] Level 1:colcon.colcon_core.shell:create_environment_hook('unitree_hg', 'ld_library_path_lib')
[421.781s] INFO:colcon.colcon_core.shell:Creating environment hook '/home/lzbb/rk_inspection_ws/third_party/unitree_ros2/cyclonedds_ws/install/unitree_hg/share/unitree_hg/hook/ld_library_path_lib.ps1'
[421.782s] INFO:colcon.colcon_core.shell:Creating environment descriptor '/home/lzbb/rk_inspection_ws/third_party/unitree_ros2/cyclonedds_ws/install/unitree_hg/share/unitree_hg/hook/ld_library_path_lib.dsv'
[421.784s] INFO:colcon.colcon_core.shell:Creating environment hook '/home/lzbb/rk_inspection_ws/third_party/unitree_ros2/cyclonedds_ws/install/unitree_hg/share/unitree_hg/hook/ld_library_path_lib.sh'
[421.785s] Level 1:colcon.colcon_core.environment:checking '/home/lzbb/rk_inspection_ws/third_party/unitree_ros2/cyclonedds_ws/install/unitree_hg/bin'
[421.786s] Level 1:colcon.colcon_core.environment:checking '/home/lzbb/rk_inspection_ws/third_party/unitree_ros2/cyclonedds_ws/install/unitree_hg/lib/pkgconfig/unitree_hg.pc'
[421.787s] Level 1:colcon.colcon_core.environment:checking '/home/lzbb/rk_inspection_ws/third_party/unitree_ros2/cyclonedds_ws/install/unitree_hg/lib/python3.10/site-packages'
[421.789s] Level 1:colcon.colcon_core.environment:checking '/home/lzbb/rk_inspection_ws/third_party/unitree_ros2/cyclonedds_ws/install/unitree_hg/bin'
[421.789s] INFO:colcon.colcon_core.shell:Creating package script '/home/lzbb/rk_inspection_ws/third_party/unitree_ros2/cyclonedds_ws/install/unitree_hg/share/unitree_hg/package.ps1'
[421.792s] INFO:colcon.colcon_core.shell:Creating package descriptor '/home/lzbb/rk_inspection_ws/third_party/unitree_ros2/cyclonedds_ws/install/unitree_hg/share/unitree_hg/package.dsv'
[421.794s] INFO:colcon.colcon_core.shell:Creating package script '/home/lzbb/rk_inspection_ws/third_party/unitree_ros2/cyclonedds_ws/install/unitree_hg/share/unitree_hg/package.sh'
[421.795s] INFO:colcon.colcon_core.shell:Creating package script '/home/lzbb/rk_inspection_ws/third_party/unitree_ros2/cyclonedds_ws/install/unitree_hg/share/unitree_hg/package.bash'
[421.796s] INFO:colcon.colcon_core.shell:Creating package script '/home/lzbb/rk_inspection_ws/third_party/unitree_ros2/cyclonedds_ws/install/unitree_hg/share/unitree_hg/package.zsh'
[421.798s] Level 1:colcon.colcon_core.environment:create_file_with_runtime_dependencies(/home/lzbb/rk_inspection_ws/third_party/unitree_ros2/cyclonedds_ws/install/unitree_hg/share/colcon-core/packages/unitree_hg)
[421.803s] Level 1:colcon.colcon_core.environment:create_environment_scripts_only(unitree_hg)
[421.805s] Level 1:colcon.colcon_core.environment:checking '/home/lzbb/rk_inspection_ws/third_party/unitree_ros2/cyclonedds_ws/install/unitree_hg' for CMake module files
[421.808s] Level 1:colcon.colcon_core.environment:checking '/home/lzbb/rk_inspection_ws/third_party/unitree_ros2/cyclonedds_ws/install/unitree_hg' for CMake config files
[421.815s] Level 1:colcon.colcon_core.shell:create_environment_hook('unitree_hg', 'cmake_prefix_path')
[421.816s] INFO:colcon.colcon_core.shell:Creating environment hook '/home/lzbb/rk_inspection_ws/third_party/unitree_ros2/cyclonedds_ws/install/unitree_hg/share/unitree_hg/hook/cmake_prefix_path.ps1'
[421.819s] INFO:colcon.colcon_core.shell:Creating environment descriptor '/home/lzbb/rk_inspection_ws/third_party/unitree_ros2/cyclonedds_ws/install/unitree_hg/share/unitree_hg/hook/cmake_prefix_path.dsv'
[421.821s] INFO:colcon.colcon_core.shell:Creating environment hook '/home/lzbb/rk_inspection_ws/third_party/unitree_ros2/cyclonedds_ws/install/unitree_hg/share/unitree_hg/hook/cmake_prefix_path.sh'
[421.823s] Level 1:colcon.colcon_core.environment:checking '/home/lzbb/rk_inspection_ws/third_party/unitree_ros2/cyclonedds_ws/install/unitree_hg/lib'
[421.824s] Level 1:colcon.colcon_core.shell:create_environment_hook('unitree_hg', 'ld_library_path_lib')
[421.825s] INFO:colcon.colcon_core.shell:Creating environment hook '/home/lzbb/rk_inspection_ws/third_party/unitree_ros2/cyclonedds_ws/install/unitree_hg/share/unitree_hg/hook/ld_library_path_lib.ps1'
[421.829s] INFO:colcon.colcon_core.shell:Creating environment descriptor '/home/lzbb/rk_inspection_ws/third_party/unitree_ros2/cyclonedds_ws/install/unitree_hg/share/unitree_hg/hook/ld_library_path_lib.dsv'
[421.831s] INFO:colcon.colcon_core.shell:Creating environment hook '/home/lzbb/rk_inspection_ws/third_party/unitree_ros2/cyclonedds_ws/install/unitree_hg/share/unitree_hg/hook/ld_library_path_lib.sh'
[421.833s] Level 1:colcon.colcon_core.environment:checking '/home/lzbb/rk_inspection_ws/third_party/unitree_ros2/cyclonedds_ws/install/unitree_hg/bin'
[421.834s] Level 1:colcon.colcon_core.environment:checking '/home/lzbb/rk_inspection_ws/third_party/unitree_ros2/cyclonedds_ws/install/unitree_hg/lib/pkgconfig/unitree_hg.pc'
[421.835s] Level 1:colcon.colcon_core.environment:checking '/home/lzbb/rk_inspection_ws/third_party/unitree_ros2/cyclonedds_ws/install/unitree_hg/lib/python3.10/site-packages'
[421.837s] Level 1:colcon.colcon_core.environment:checking '/home/lzbb/rk_inspection_ws/third_party/unitree_ros2/cyclonedds_ws/install/unitree_hg/bin'
[421.838s] INFO:colcon.colcon_core.shell:Creating package script '/home/lzbb/rk_inspection_ws/third_party/unitree_ros2/cyclonedds_ws/install/unitree_hg/share/unitree_hg/package.ps1'
[421.842s] INFO:colcon.colcon_core.shell:Creating package descriptor '/home/lzbb/rk_inspection_ws/third_party/unitree_ros2/cyclonedds_ws/install/unitree_hg/share/unitree_hg/package.dsv'
[421.845s] INFO:colcon.colcon_core.shell:Creating package script '/home/lzbb/rk_inspection_ws/third_party/unitree_ros2/cyclonedds_ws/install/unitree_hg/share/unitree_hg/package.sh'
[421.849s] INFO:colcon.colcon_core.shell:Creating package script '/home/lzbb/rk_inspection_ws/third_party/unitree_ros2/cyclonedds_ws/install/unitree_hg/share/unitree_hg/package.bash'
[421.851s] INFO:colcon.colcon_core.shell:Creating package script '/home/lzbb/rk_inspection_ws/third_party/unitree_ros2/cyclonedds_ws/install/unitree_hg/share/unitree_hg/package.zsh'
[421.854s] Level 1:colcon.colcon_core.environment:create_file_with_runtime_dependencies(/home/lzbb/rk_inspection_ws/third_party/unitree_ros2/cyclonedds_ws/install/unitree_hg/share/colcon-core/packages/unitree_hg)
[474.883s] DEBUG:colcon.colcon_core.event_handler.log_command:Invoked command in '/home/lzbb/rk_inspection_ws/third_party/unitree_ros2/cyclonedds_ws/build/unitree_go' returned '0': CMAKE_PREFIX_PATH=${CMAKE_PREFIX_PATH}:/tmp/rk_rosidl_generator_dds_idl/opt/ros/humble:/opt/ros/humble /usr/bin/cmake --build /home/lzbb/rk_inspection_ws/third_party/unitree_ros2/cyclonedds_ws/build/unitree_go -- -j4 -l4
[474.887s] DEBUG:colcon.colcon_core.event_handler.log_command:Invoking command in '/home/lzbb/rk_inspection_ws/third_party/unitree_ros2/cyclonedds_ws/build/unitree_go': CMAKE_PREFIX_PATH=${CMAKE_PREFIX_PATH}:/tmp/rk_rosidl_generator_dds_idl/opt/ros/humble:/opt/ros/humble /usr/bin/cmake --install /home/lzbb/rk_inspection_ws/third_party/unitree_ros2/cyclonedds_ws/build/unitree_go
[490.643s] Level 1:colcon.colcon_core.environment:create_environment_scripts_only(unitree_go)
[490.644s] Level 1:colcon.colcon_core.environment:checking '/home/lzbb/rk_inspection_ws/third_party/unitree_ros2/cyclonedds_ws/install/unitree_go' for CMake module files
[490.647s] DEBUG:colcon.colcon_core.event_handler.log_command:Invoked command in '/home/lzbb/rk_inspection_ws/third_party/unitree_ros2/cyclonedds_ws/build/unitree_go' returned '0': CMAKE_PREFIX_PATH=${CMAKE_PREFIX_PATH}:/tmp/rk_rosidl_generator_dds_idl/opt/ros/humble:/opt/ros/humble /usr/bin/cmake --install /home/lzbb/rk_inspection_ws/third_party/unitree_ros2/cyclonedds_ws/build/unitree_go
[490.649s] Level 1:colcon.colcon_core.environment:checking '/home/lzbb/rk_inspection_ws/third_party/unitree_ros2/cyclonedds_ws/install/unitree_go' for CMake config files
[490.660s] Level 1:colcon.colcon_core.shell:create_environment_hook('unitree_go', 'cmake_prefix_path')
[490.662s] INFO:colcon.colcon_core.shell:Creating environment hook '/home/lzbb/rk_inspection_ws/third_party/unitree_ros2/cyclonedds_ws/install/unitree_go/share/unitree_go/hook/cmake_prefix_path.ps1'
[490.664s] INFO:colcon.colcon_core.shell:Creating environment descriptor '/home/lzbb/rk_inspection_ws/third_party/unitree_ros2/cyclonedds_ws/install/unitree_go/share/unitree_go/hook/cmake_prefix_path.dsv'
[490.666s] INFO:colcon.colcon_core.shell:Creating environment hook '/home/lzbb/rk_inspection_ws/third_party/unitree_ros2/cyclonedds_ws/install/unitree_go/share/unitree_go/hook/cmake_prefix_path.sh'
[490.670s] Level 1:colcon.colcon_core.environment:checking '/home/lzbb/rk_inspection_ws/third_party/unitree_ros2/cyclonedds_ws/install/unitree_go/lib'
[490.670s] Level 1:colcon.colcon_core.shell:create_environment_hook('unitree_go', 'ld_library_path_lib')
[490.671s] INFO:colcon.colcon_core.shell:Creating environment hook '/home/lzbb/rk_inspection_ws/third_party/unitree_ros2/cyclonedds_ws/install/unitree_go/share/unitree_go/hook/ld_library_path_lib.ps1'
[490.674s] INFO:colcon.colcon_core.shell:Creating environment descriptor '/home/lzbb/rk_inspection_ws/third_party/unitree_ros2/cyclonedds_ws/install/unitree_go/share/unitree_go/hook/ld_library_path_lib.dsv'
[490.677s] INFO:colcon.colcon_core.shell:Creating environment hook '/home/lzbb/rk_inspection_ws/third_party/unitree_ros2/cyclonedds_ws/install/unitree_go/share/unitree_go/hook/ld_library_path_lib.sh'
[490.677s] Level 1:colcon.colcon_core.environment:checking '/home/lzbb/rk_inspection_ws/third_party/unitree_ros2/cyclonedds_ws/install/unitree_go/bin'
[490.678s] Level 1:colcon.colcon_core.environment:checking '/home/lzbb/rk_inspection_ws/third_party/unitree_ros2/cyclonedds_ws/install/unitree_go/lib/pkgconfig/unitree_go.pc'
[490.679s] Level 1:colcon.colcon_core.environment:checking '/home/lzbb/rk_inspection_ws/third_party/unitree_ros2/cyclonedds_ws/install/unitree_go/lib/python3.10/site-packages'
[490.680s] Level 1:colcon.colcon_core.environment:checking '/home/lzbb/rk_inspection_ws/third_party/unitree_ros2/cyclonedds_ws/install/unitree_go/bin'
[490.682s] INFO:colcon.colcon_core.shell:Creating package script '/home/lzbb/rk_inspection_ws/third_party/unitree_ros2/cyclonedds_ws/install/unitree_go/share/unitree_go/package.ps1'
[490.685s] INFO:colcon.colcon_core.shell:Creating package descriptor '/home/lzbb/rk_inspection_ws/third_party/unitree_ros2/cyclonedds_ws/install/unitree_go/share/unitree_go/package.dsv'
[490.688s] INFO:colcon.colcon_core.shell:Creating package script '/home/lzbb/rk_inspection_ws/third_party/unitree_ros2/cyclonedds_ws/install/unitree_go/share/unitree_go/package.sh'
[490.690s] INFO:colcon.colcon_core.shell:Creating package script '/home/lzbb/rk_inspection_ws/third_party/unitree_ros2/cyclonedds_ws/install/unitree_go/share/unitree_go/package.bash'
[490.693s] INFO:colcon.colcon_core.shell:Creating package script '/home/lzbb/rk_inspection_ws/third_party/unitree_ros2/cyclonedds_ws/install/unitree_go/share/unitree_go/package.zsh'
[490.695s] Level 1:colcon.colcon_core.environment:create_file_with_runtime_dependencies(/home/lzbb/rk_inspection_ws/third_party/unitree_ros2/cyclonedds_ws/install/unitree_go/share/colcon-core/packages/unitree_go)
[490.700s] Level 1:colcon.colcon_core.environment:create_environment_scripts_only(unitree_go)
[490.701s] Level 1:colcon.colcon_core.environment:checking '/home/lzbb/rk_inspection_ws/third_party/unitree_ros2/cyclonedds_ws/install/unitree_go' for CMake module files
[490.703s] Level 1:colcon.colcon_core.environment:checking '/home/lzbb/rk_inspection_ws/third_party/unitree_ros2/cyclonedds_ws/install/unitree_go' for CMake config files
[490.712s] Level 1:colcon.colcon_core.shell:create_environment_hook('unitree_go', 'cmake_prefix_path')
[490.713s] INFO:colcon.colcon_core.shell:Creating environment hook '/home/lzbb/rk_inspection_ws/third_party/unitree_ros2/cyclonedds_ws/install/unitree_go/share/unitree_go/hook/cmake_prefix_path.ps1'
[490.715s] INFO:colcon.colcon_core.shell:Creating environment descriptor '/home/lzbb/rk_inspection_ws/third_party/unitree_ros2/cyclonedds_ws/install/unitree_go/share/unitree_go/hook/cmake_prefix_path.dsv'
[490.716s] INFO:colcon.colcon_core.shell:Creating environment hook '/home/lzbb/rk_inspection_ws/third_party/unitree_ros2/cyclonedds_ws/install/unitree_go/share/unitree_go/hook/cmake_prefix_path.sh'
[490.719s] Level 1:colcon.colcon_core.environment:checking '/home/lzbb/rk_inspection_ws/third_party/unitree_ros2/cyclonedds_ws/install/unitree_go/lib'
[490.720s] Level 1:colcon.colcon_core.shell:create_environment_hook('unitree_go', 'ld_library_path_lib')
[490.721s] INFO:colcon.colcon_core.shell:Creating environment hook '/home/lzbb/rk_inspection_ws/third_party/unitree_ros2/cyclonedds_ws/install/unitree_go/share/unitree_go/hook/ld_library_path_lib.ps1'
[490.724s] INFO:colcon.colcon_core.shell:Creating environment descriptor '/home/lzbb/rk_inspection_ws/third_party/unitree_ros2/cyclonedds_ws/install/unitree_go/share/unitree_go/hook/ld_library_path_lib.dsv'
[490.725s] INFO:colcon.colcon_core.shell:Creating environment hook '/home/lzbb/rk_inspection_ws/third_party/unitree_ros2/cyclonedds_ws/install/unitree_go/share/unitree_go/hook/ld_library_path_lib.sh'
[490.728s] Level 1:colcon.colcon_core.environment:checking '/home/lzbb/rk_inspection_ws/third_party/unitree_ros2/cyclonedds_ws/install/unitree_go/bin'
[490.729s] Level 1:colcon.colcon_core.environment:checking '/home/lzbb/rk_inspection_ws/third_party/unitree_ros2/cyclonedds_ws/install/unitree_go/lib/pkgconfig/unitree_go.pc'
[490.730s] Level 1:colcon.colcon_core.environment:checking '/home/lzbb/rk_inspection_ws/third_party/unitree_ros2/cyclonedds_ws/install/unitree_go/lib/python3.10/site-packages'
[490.731s] Level 1:colcon.colcon_core.environment:checking '/home/lzbb/rk_inspection_ws/third_party/unitree_ros2/cyclonedds_ws/install/unitree_go/bin'
[490.732s] INFO:colcon.colcon_core.shell:Creating package script '/home/lzbb/rk_inspection_ws/third_party/unitree_ros2/cyclonedds_ws/install/unitree_go/share/unitree_go/package.ps1'
[490.736s] INFO:colcon.colcon_core.shell:Creating package descriptor '/home/lzbb/rk_inspection_ws/third_party/unitree_ros2/cyclonedds_ws/install/unitree_go/share/unitree_go/package.dsv'
[490.737s] INFO:colcon.colcon_core.shell:Creating package script '/home/lzbb/rk_inspection_ws/third_party/unitree_ros2/cyclonedds_ws/install/unitree_go/share/unitree_go/package.sh'
[490.739s] INFO:colcon.colcon_core.shell:Creating package script '/home/lzbb/rk_inspection_ws/third_party/unitree_ros2/cyclonedds_ws/install/unitree_go/share/unitree_go/package.bash'
[490.742s] INFO:colcon.colcon_core.shell:Creating package script '/home/lzbb/rk_inspection_ws/third_party/unitree_ros2/cyclonedds_ws/install/unitree_go/share/unitree_go/package.zsh'
[490.744s] Level 1:colcon.colcon_core.environment:create_file_with_runtime_dependencies(/home/lzbb/rk_inspection_ws/third_party/unitree_ros2/cyclonedds_ws/install/unitree_go/share/colcon-core/packages/unitree_go)
[490.746s] DEBUG:colcon.colcon_parallel_executor.executor.parallel:closing loop
[490.747s] DEBUG:colcon.colcon_parallel_executor.executor.parallel:loop closed
[490.749s] DEBUG:colcon.colcon_parallel_executor.executor.parallel:run_until_complete finished with '0'
[490.749s] DEBUG:colcon.colcon_core.event_reactor:joining thread
[490.751s] DEBUG:colcon.colcon_core.event_reactor:joined thread
[490.752s] INFO:colcon.colcon_core.shell:Creating prefix script '/home/lzbb/rk_inspection_ws/third_party/unitree_ros2/cyclonedds_ws/install/local_setup.ps1'
[490.756s] INFO:colcon.colcon_core.shell:Creating prefix util module '/home/lzbb/rk_inspection_ws/third_party/unitree_ros2/cyclonedds_ws/install/_local_setup_util_ps1.py'
[490.761s] INFO:colcon.colcon_core.shell:Creating prefix chain script '/home/lzbb/rk_inspection_ws/third_party/unitree_ros2/cyclonedds_ws/install/setup.ps1'
[490.766s] INFO:colcon.colcon_core.shell:Creating prefix script '/home/lzbb/rk_inspection_ws/third_party/unitree_ros2/cyclonedds_ws/install/local_setup.sh'
[490.768s] INFO:colcon.colcon_core.shell:Creating prefix util module '/home/lzbb/rk_inspection_ws/third_party/unitree_ros2/cyclonedds_ws/install/_local_setup_util_sh.py'
[490.770s] INFO:colcon.colcon_core.shell:Creating prefix chain script '/home/lzbb/rk_inspection_ws/third_party/unitree_ros2/cyclonedds_ws/install/setup.sh'
[490.775s] INFO:colcon.colcon_core.shell:Creating prefix script '/home/lzbb/rk_inspection_ws/third_party/unitree_ros2/cyclonedds_ws/install/local_setup.bash'
[490.777s] INFO:colcon.colcon_core.shell:Creating prefix chain script '/home/lzbb/rk_inspection_ws/third_party/unitree_ros2/cyclonedds_ws/install/setup.bash'
[490.781s] INFO:colcon.colcon_core.shell:Creating prefix script '/home/lzbb/rk_inspection_ws/third_party/unitree_ros2/cyclonedds_ws/install/local_setup.zsh'
[490.783s] INFO:colcon.colcon_core.shell:Creating prefix chain script '/home/lzbb/rk_inspection_ws/third_party/unitree_ros2/cyclonedds_ws/install/setup.zsh'
