[0.051s] Invoking command in '/home/lzbb/rk_inspection_ws/third_party/unitree_ros2/cyclonedds_ws/build/unitree_go': CMAKE_PREFIX_PATH=${CMAKE_PREFIX_PATH}:/opt/ros/humble /usr/bin/cmake /home/lzbb/rk_inspection_ws/third_party/unitree_ros2/cyclonedds_ws/src/unitree/unitree_go -DAMENT_CMAKE_SYMLINK_INSTALL=1 -DCMAKE_INSTALL_PREFIX=/home/lzbb/rk_inspection_ws/third_party/unitree_ros2/cyclonedds_ws/install/unitree_go
[0.340s] -- The C compiler identification is GNU 11.4.0
[0.692s] -- The CXX compiler identification is GNU 11.4.0
[0.747s] -- Detecting C compiler ABI info
[1.136s] -- Detecting C compiler ABI info - done
[1.177s] -- Check for working C compiler: /usr/bin/cc - skipped
[1.178s] -- Detecting C compile features
[1.178s] -- Detecting C compile features - done
[1.197s] -- Detecting CXX compiler ABI info
[1.757s] -- Detecting CXX compiler ABI info - done
[1.814s] -- Check for working CXX compiler: /usr/bin/c++ - skipped
[1.818s] -- Detecting CXX compile features
[1.827s] -- Detecting CXX compile features - done
[1.845s] -- Found ament_cmake: 1.3.14 (/opt/ros/humble/share/ament_cmake/cmake)
[2.815s] -- Found Python3: /usr/bin/python3 (found version "3.10.12") found components: Interpreter 
[3.178s] -- Override CMake install command with custom implementation using symlinks instead of copying resources
[3.302s] -- Found geometry_msgs: 4.9.1 (/opt/ros/humble/share/geometry_msgs/cmake)
[3.505s] -- Found rosidl_generator_c: 3.1.8 (/opt/ros/humble/share/rosidl_generator_c/cmake)
[3.539s] -- Found rosidl_adapter: 3.1.8 (/opt/ros/humble/share/rosidl_adapter/cmake)
[3.590s] -- Found rosidl_generator_cpp: 3.1.8 (/opt/ros/humble/share/rosidl_generator_cpp/cmake)
[3.652s] -- Using all available rosidl_typesupport_c: rosidl_typesupport_fastrtps_c;rosidl_typesupport_introspection_c
[3.724s] -- Using all available rosidl_typesupport_cpp: rosidl_typesupport_fastrtps_cpp;rosidl_typesupport_introspection_cpp
[3.903s] -- Found rosidl_default_generators: 1.2.1 (/opt/ros/humble/share/rosidl_default_generators/cmake)
[4.005s] CMake Error at CMakeLists.txt:26 (find_package):
[4.005s]   By not providing "Findrosidl_generator_dds_idl.cmake" in CMAKE_MODULE_PATH
[4.006s]   this project has asked CMake to find a package configuration file provided
[4.007s]   by "rosidl_generator_dds_idl", but CMake did not find one.
[4.007s] 
[4.007s]   Could not find a package configuration file provided by
[4.007s]   "rosidl_generator_dds_idl" with any of the following names:
[4.008s] 
[4.010s]     rosidl_generator_dds_idlConfig.cmake
[4.014s]     rosidl_generator_dds_idl-config.cmake
[4.016s] 
[4.016s]   Add the installation prefix of "rosidl_generator_dds_idl" to
[4.016s]   CMAKE_PREFIX_PATH or set "rosidl_generator_dds_idl_DIR" to a directory
[4.016s]   containing one of the above files.  If "rosidl_generator_dds_idl" provides
[4.016s]   a separate development package or SDK, be sure it has been installed.
[4.017s] 
[4.017s] 
[4.017s] -- Configuring incomplete, errors occurred!
[4.019s] See also "/home/lzbb/rk_inspection_ws/third_party/unitree_ros2/cyclonedds_ws/build/unitree_go/CMakeFiles/CMakeOutput.log".
[4.050s] Invoked command in '/home/lzbb/rk_inspection_ws/third_party/unitree_ros2/cyclonedds_ws/build/unitree_go' returned '1': CMAKE_PREFIX_PATH=${CMAKE_PREFIX_PATH}:/opt/ros/humble /usr/bin/cmake /home/lzbb/rk_inspection_ws/third_party/unitree_ros2/cyclonedds_ws/src/unitree/unitree_go -DAMENT_CMAKE_SYMLINK_INSTALL=1 -DCMAKE_INSTALL_PREFIX=/home/lzbb/rk_inspection_ws/third_party/unitree_ros2/cyclonedds_ws/install/unitree_go
