[0.067s] Invoking command in '/home/lzbb/rk_inspection_ws/third_party/unitree_ros2/cyclonedds_ws/build/unitree_hg': CMAKE_PREFIX_PATH=${CMAKE_PREFIX_PATH}:/opt/ros/humble /usr/bin/cmake /home/lzbb/rk_inspection_ws/third_party/unitree_ros2/cyclonedds_ws/src/unitree/unitree_hg -DAMENT_CMAKE_SYMLINK_INSTALL=1 -DCMAKE_INSTALL_PREFIX=/home/lzbb/rk_inspection_ws/third_party/unitree_ros2/cyclonedds_ws/install/unitree_hg
[0.111s] -- Found ament_cmake: 1.3.14 (/opt/ros/humble/share/ament_cmake/cmake)
[0.682s] -- Override CMake install command with custom implementation using symlinks instead of copying resources
[0.736s] -- Found geometry_msgs: 4.9.1 (/opt/ros/humble/share/geometry_msgs/cmake)
[0.839s] -- Found rosidl_generator_c: 3.1.8 (/opt/ros/humble/share/rosidl_generator_c/cmake)
[0.853s] -- Found rosidl_adapter: 3.1.8 (/opt/ros/humble/share/rosidl_adapter/cmake)
[0.882s] -- Found rosidl_generator_cpp: 3.1.8 (/opt/ros/humble/share/rosidl_generator_cpp/cmake)
[0.922s] -- Using all available rosidl_typesupport_c: rosidl_typesupport_fastrtps_c;rosidl_typesupport_introspection_c
[0.981s] -- Using all available rosidl_typesupport_cpp: rosidl_typesupport_fastrtps_cpp;rosidl_typesupport_introspection_cpp
[1.136s] -- Found rosidl_default_generators: 1.2.1 (/opt/ros/humble/share/rosidl_default_generators/cmake)
[1.171s] -- Found rosidl_generator_dds_idl: 0.8.1 (/tmp/rk_rosidl_generator_dds_idl/opt/ros/humble/share/rosidl_generator_dds_idl/cmake)
[3.158s] -- Found ament_cmake_ros: 0.10.0 (/opt/ros/humble/share/ament_cmake_ros/cmake)
[5.436s] -- Using all available rosidl_typesupport_c: rosidl_typesupport_fastrtps_c;rosidl_typesupport_introspection_c
[6.408s] -- Using all available rosidl_typesupport_cpp: rosidl_typesupport_fastrtps_cpp;rosidl_typesupport_introspection_cpp
[6.524s] -- Found PythonInterp: /usr/bin/python3 (found suitable version "3.10.12", minimum required is "3.6") 
[6.524s] -- Found python_cmake_module: 0.10.0 (/opt/ros/humble/share/python_cmake_module/cmake)
[6.646s] -- Found PythonLibs: /usr/lib/x86_64-linux-gnu/libpython3.10.so (found suitable version "3.10.12", minimum required is "3.5") 
[6.647s] -- Using PYTHON_EXECUTABLE: /usr/bin/python3
[6.647s] -- Using PYTHON_INCLUDE_DIRS: /usr/include/python3.10
[6.649s] -- Using PYTHON_LIBRARIES: /usr/lib/x86_64-linux-gnu/libpython3.10.so
[6.751s] -- Found PythonExtra: .so  
[7.859s] -- Found ament_lint_auto: 0.12.15 (/opt/ros/humble/share/ament_lint_auto/cmake)
[7.995s] -- Added test 'copyright' to check source files copyright and LICENSE
[8.012s] -- Added test 'lint_cmake' to check CMake code style
[8.025s] -- Added test 'xmllint' to check XML markup files
[8.076s] -- Configuring done
[8.408s] -- Generating done
[8.477s] -- Build files have been written to: /home/lzbb/rk_inspection_ws/third_party/unitree_ros2/cyclonedds_ws/build/unitree_hg
[8.538s] Invoked command in '/home/lzbb/rk_inspection_ws/third_party/unitree_ros2/cyclonedds_ws/build/unitree_hg' returned '0': CMAKE_PREFIX_PATH=${CMAKE_PREFIX_PATH}:/opt/ros/humble /usr/bin/cmake /home/lzbb/rk_inspection_ws/third_party/unitree_ros2/cyclonedds_ws/src/unitree/unitree_hg -DAMENT_CMAKE_SYMLINK_INSTALL=1 -DCMAKE_INSTALL_PREFIX=/home/lzbb/rk_inspection_ws/third_party/unitree_ros2/cyclonedds_ws/install/unitree_hg
[8.541s] Invoking command in '/home/lzbb/rk_inspection_ws/third_party/unitree_ros2/cyclonedds_ws/build/unitree_hg': CMAKE_PREFIX_PATH=${CMAKE_PREFIX_PATH}:/opt/ros/humble /usr/bin/cmake --build /home/lzbb/rk_inspection_ws/third_party/unitree_ros2/cyclonedds_ws/build/unitree_hg -- -j4 -l4
[8.863s] [  1%] Generating C code for ROS interfaces
[9.129s] [  2%] Generating DDS interfaces
[9.182s] [  3%] Generating Rust code for ROS interfaces
[9.201s] [  3%] Generating C++ code for ROS interfaces
[10.792s] Traceback (most recent call last):
[10.794s]   File "/tmp/rk_rosidl_generator_dds_idl/opt/ros/humble/lib/rosidl_generator_dds_idl/rosidl_generator_dds_idl", line 6, in <module>
[10.821s]     from rosidl_generator_dds_idl import generate_dds_idl
[10.822s] ModuleNotFoundError: No module named 'rosidl_generator_dds_idl'
[10.893s] gmake[2]: *** [CMakeFiles/unitree_hg__dds_connext_idl.dir/build.make:161：rosidl_generator_dds_idl/unitree_hg/msg/dds_connext/BmsCmd_.idl] 错误 1
[10.893s] gmake[1]: *** [CMakeFiles/Makefile2:611：CMakeFiles/unitree_hg__dds_connext_idl.dir/all] 错误 2
[10.894s] gmake[1]: *** 正在等待未完成的任务....
[18.117s] [  3%] Built target unitree_hg__rs
[26.552s] [  3%] Built target unitree_hg__cpp
[27.173s] [  4%] Building C object CMakeFiles/unitree_hg__rosidl_generator_c.dir/rosidl_generator_c/unitree_hg/msg/detail/bms_cmd__functions.c.o
[27.466s] [  5%] Building C object CMakeFiles/unitree_hg__rosidl_generator_c.dir/rosidl_generator_c/unitree_hg/msg/detail/hand_state__functions.c.o
[27.737s] [  5%] Building C object CMakeFiles/unitree_hg__rosidl_generator_c.dir/rosidl_generator_c/unitree_hg/msg/detail/imu_state__functions.c.o
[27.956s] [  6%] Building C object CMakeFiles/unitree_hg__rosidl_generator_c.dir/rosidl_generator_c/unitree_hg/msg/detail/low_cmd__functions.c.o
[28.198s] [  7%] Building C object CMakeFiles/unitree_hg__rosidl_generator_c.dir/rosidl_generator_c/unitree_hg/msg/detail/low_state__functions.c.o
[28.446s] [  8%] Building C object CMakeFiles/unitree_hg__rosidl_generator_c.dir/rosidl_generator_c/unitree_hg/msg/detail/main_board_state__functions.c.o
[28.668s] [  9%] Building C object CMakeFiles/unitree_hg__rosidl_generator_c.dir/rosidl_generator_c/unitree_hg/msg/detail/motor_cmd__functions.c.o
[28.884s] [ 10%] Building C object CMakeFiles/unitree_hg__rosidl_generator_c.dir/rosidl_generator_c/unitree_hg/msg/detail/motor_state__functions.c.o
[29.124s] [ 11%] Building C object CMakeFiles/unitree_hg__rosidl_generator_c.dir/rosidl_generator_c/unitree_hg/msg/detail/press_sensor_state__functions.c.o
[29.337s] [ 12%] Building C object CMakeFiles/unitree_hg__rosidl_generator_c.dir/rosidl_generator_c/unitree_hg/msg/detail/hand_cmd__functions.c.o
[29.543s] [ 13%] Building C object CMakeFiles/unitree_hg__rosidl_generator_c.dir/rosidl_generator_c/unitree_hg/msg/detail/bms_state__functions.c.o
[29.777s] [ 14%] Linking C shared library libunitree_hg__rosidl_generator_c.so
[29.969s] [ 14%] Built target unitree_hg__rosidl_generator_c
[29.974s] gmake: *** [Makefile:146：all] 错误 2
