[0.080s] Invoking command in '/home/lzbb/rk_inspection_ws/third_party/unitree_ros2/cyclonedds_ws/build/unitree_hg': CMAKE_PREFIX_PATH=${CMAKE_PREFIX_PATH}:/opt/ros/humble /usr/bin/cmake /home/lzbb/rk_inspection_ws/third_party/unitree_ros2/cyclonedds_ws/src/unitree/unitree_hg -DAMENT_CMAKE_SYMLINK_INSTALL=1 -DCMAKE_INSTALL_PREFIX=/home/lzbb/rk_inspection_ws/third_party/unitree_ros2/cyclonedds_ws/install/unitree_hg
[0.394s] -- The C compiler identification is GNU 11.4.0
[0.793s] -- The CXX compiler identification is GNU 11.4.0
[0.840s] -- Detecting C compiler ABI info
[1.244s] -- Detecting C compiler ABI info - done
[1.298s] -- Check for working C compiler: /usr/bin/cc - skipped
[1.305s] -- Detecting C compile features
[1.309s] -- Detecting C compile features - done
[1.327s] -- Detecting CXX compiler ABI info
[1.910s] -- Detecting CXX compiler ABI info - done
[1.989s] -- Check for working CXX compiler: /usr/bin/c++ - skipped
[1.990s] -- Detecting CXX compile features
[1.990s] -- Detecting CXX compile features - done
[2.001s] -- Found ament_cmake: 1.3.14 (/opt/ros/humble/share/ament_cmake/cmake)
[2.953s] -- Found Python3: /usr/bin/python3 (found version "3.10.12") found components: Interpreter 
[3.354s] -- Override CMake install command with custom implementation using symlinks instead of copying resources
[3.544s] -- Found geometry_msgs: 4.9.1 (/opt/ros/humble/share/geometry_msgs/cmake)
[3.696s] -- Found rosidl_generator_c: 3.1.8 (/opt/ros/humble/share/rosidl_generator_c/cmake)
[3.716s] -- Found rosidl_adapter: 3.1.8 (/opt/ros/humble/share/rosidl_adapter/cmake)
[3.749s] -- Found rosidl_generator_cpp: 3.1.8 (/opt/ros/humble/share/rosidl_generator_cpp/cmake)
[3.801s] -- Using all available rosidl_typesupport_c: rosidl_typesupport_fastrtps_c;rosidl_typesupport_introspection_c
[3.864s] -- Using all available rosidl_typesupport_cpp: rosidl_typesupport_fastrtps_cpp;rosidl_typesupport_introspection_cpp
[4.056s] -- Found rosidl_default_generators: 1.2.1 (/opt/ros/humble/share/rosidl_default_generators/cmake)
[4.133s] CMake Error at CMakeLists.txt:26 (find_package):
[4.133s]   By not providing "Findrosidl_generator_dds_idl.cmake" in CMAKE_MODULE_PATH
[4.133s]   this project has asked CMake to find a package configuration file provided
[4.134s]   by "rosidl_generator_dds_idl", but CMake did not find one.
[4.135s] 
[4.135s]   Could not find a package configuration file provided by
[4.135s]   "rosidl_generator_dds_idl" with any of the following names:
[4.136s] 
[4.136s]     rosidl_generator_dds_idlConfig.cmake
[4.140s]     rosidl_generator_dds_idl-config.cmake
[4.142s] 
[4.144s]   Add the installation prefix of "rosidl_generator_dds_idl" to
[4.144s]   CMAKE_PREFIX_PATH or set "rosidl_generator_dds_idl_DIR" to a directory
[4.144s]   containing one of the above files.  If "rosidl_generator_dds_idl" provides
[4.144s]   a separate development package or SDK, be sure it has been installed.
[4.152s] 
[4.152s] 
[4.152s] -- Configuring incomplete, errors occurred!
[4.152s] See also "/home/lzbb/rk_inspection_ws/third_party/unitree_ros2/cyclonedds_ws/build/unitree_hg/CMakeFiles/CMakeOutput.log".
