[0.456s] DEBUG:colcon:Command line arguments: ['/usr/bin/colcon', 'build', '--symlink-install']
[0.457s] DEBUG:colcon:Parsed command line arguments: Namespace(log_base=None, log_level=None, verb_name='build', build_base='build', install_base='install', merge_install=False, symlink_install=True, test_result_base=None, continue_on_error=False, executor='parallel', parallel_workers=4, event_handlers=None, ignore_user_meta=False, metas=['./colcon.meta'], base_paths=['.'], packages_ignore=None, packages_ignore_regex=None, paths=None, packages_up_to=None, packages_up_to_regex=None, packages_above=None, packages_above_and_dependencies=None, packages_above_depth=None, packages_select_by_dep=None, packages_skip_by_dep=None, packages_skip_up_to=None, packages_select_build_failed=False, packages_skip_build_finished=False, packages_select_test_failures=False, packages_skip_test_passed=False, packages_select=None, packages_skip=None, packages_select_regex=None, packages_skip_regex=None, packages_start=None, packages_end=None, allow_overriding=[], cmake_args=None, cmake_target=None, cmake_target_skip_unavailable=False, cmake_clean_cache=False, cmake_clean_first=False, cmake_force_configure=False, ament_cmake_args=None, catkin_cmake_args=None, catkin_skip_building_tests=False, verb_parser=<colcon_defaults.argument_parser.defaults.DefaultArgumentsDecorator object at 0x715abc53f520>, verb_extension=<colcon_core.verb.build.BuildVerb object at 0x715abc67ca30>, main=<bound method BuildVerb.main of <colcon_core.verb.build.BuildVerb object at 0x715abc67ca30>>)
[1.234s] Level 1:colcon.colcon_core.package_discovery:discover_packages(colcon_meta) check parameters
[1.234s] Level 1:colcon.colcon_core.package_discovery:discover_packages(recursive) check parameters
[1.234s] Level 1:colcon.colcon_core.package_discovery:discover_packages(ignore) check parameters
[1.234s] Level 1:colcon.colcon_core.package_discovery:discover_packages(path) check parameters
[1.234s] Level 1:colcon.colcon_core.package_discovery:discover_packages(colcon_meta) discover
[1.234s] Level 1:colcon.colcon_core.package_discovery:discover_packages(recursive) discover
[1.235s] INFO:colcon.colcon_core.package_discovery:Crawling recursively for packages in '/home/lzbb/rk_inspection_ws/third_party/unitree_ros2/cyclonedds_ws'
[1.235s] Level 1:colcon.colcon_core.package_identification:_identify(.) by extensions ['ignore', 'ignore_ament_install']
[1.235s] Level 1:colcon.colcon_core.package_identification:_identify(.) by extension 'ignore'
[1.235s] Level 1:colcon.colcon_core.package_identification:_identify(.) by extension 'ignore_ament_install'
[1.235s] Level 1:colcon.colcon_core.package_identification:_identify(.) by extensions ['colcon_pkg']
[1.235s] Level 1:colcon.colcon_core.package_identification:_identify(.) by extension 'colcon_pkg'
[1.235s] Level 1:colcon.colcon_core.package_identification:_identify(.) by extensions ['colcon_meta']
[1.236s] Level 1:colcon.colcon_core.package_identification:_identify(.) by extension 'colcon_meta'
[1.236s] Level 1:colcon.colcon_core.package_identification:_identify(.) by extensions ['ros']
[1.236s] Level 1:colcon.colcon_core.package_identification:_identify(.) by extension 'ros'
[1.289s] Level 1:colcon.colcon_core.package_identification:_identify(.) by extensions ['cmake', 'python']
[1.290s] Level 1:colcon.colcon_core.package_identification:_identify(.) by extension 'cmake'
[1.290s] Level 1:colcon.colcon_core.package_identification:_identify(.) by extension 'python'
[1.291s] Level 1:colcon.colcon_core.package_identification:_identify(.) by extensions ['python_setup_py']
[1.291s] Level 1:colcon.colcon_core.package_identification:_identify(.) by extension 'python_setup_py'
[1.292s] Level 1:colcon.colcon_core.package_identification:_identify(build) by extensions ['ignore', 'ignore_ament_install']
[1.293s] Level 1:colcon.colcon_core.package_identification:_identify(build) by extension 'ignore'
[1.293s] Level 1:colcon.colcon_core.package_identification:_identify(build) ignored
[1.294s] Level 1:colcon.colcon_core.package_identification:_identify(install) by extensions ['ignore', 'ignore_ament_install']
[1.294s] Level 1:colcon.colcon_core.package_identification:_identify(install) by extension 'ignore'
[1.295s] Level 1:colcon.colcon_core.package_identification:_identify(install) ignored
[1.295s] Level 1:colcon.colcon_core.package_identification:_identify(log) by extensions ['ignore', 'ignore_ament_install']
[1.296s] Level 1:colcon.colcon_core.package_identification:_identify(log) by extension 'ignore'
[1.296s] Level 1:colcon.colcon_core.package_identification:_identify(log) ignored
[1.297s] Level 1:colcon.colcon_core.package_identification:_identify(src) by extensions ['ignore', 'ignore_ament_install']
[1.297s] Level 1:colcon.colcon_core.package_identification:_identify(src) by extension 'ignore'
[1.297s] Level 1:colcon.colcon_core.package_identification:_identify(src) by extension 'ignore_ament_install'
[1.298s] Level 1:colcon.colcon_core.package_identification:_identify(src) by extensions ['colcon_pkg']
[1.298s] Level 1:colcon.colcon_core.package_identification:_identify(src) by extension 'colcon_pkg'
[1.298s] Level 1:colcon.colcon_core.package_identification:_identify(src) by extensions ['colcon_meta']
[1.298s] Level 1:colcon.colcon_core.package_identification:_identify(src) by extension 'colcon_meta'
[1.299s] Level 1:colcon.colcon_core.package_identification:_identify(src) by extensions ['ros']
[1.299s] Level 1:colcon.colcon_core.package_identification:_identify(src) by extension 'ros'
[1.299s] Level 1:colcon.colcon_core.package_identification:_identify(src) by extensions ['cmake', 'python']
[1.299s] Level 1:colcon.colcon_core.package_identification:_identify(src) by extension 'cmake'
[1.299s] Level 1:colcon.colcon_core.package_identification:_identify(src) by extension 'python'
[1.299s] Level 1:colcon.colcon_core.package_identification:_identify(src) by extensions ['python_setup_py']
[1.300s] Level 1:colcon.colcon_core.package_identification:_identify(src) by extension 'python_setup_py'
[1.300s] Level 1:colcon.colcon_core.package_identification:_identify(src/unitree) by extensions ['ignore', 'ignore_ament_install']
[1.300s] Level 1:colcon.colcon_core.package_identification:_identify(src/unitree) by extension 'ignore'
[1.300s] Level 1:colcon.colcon_core.package_identification:_identify(src/unitree) by extension 'ignore_ament_install'
[1.301s] Level 1:colcon.colcon_core.package_identification:_identify(src/unitree) by extensions ['colcon_pkg']
[1.301s] Level 1:colcon.colcon_core.package_identification:_identify(src/unitree) by extension 'colcon_pkg'
[1.302s] Level 1:colcon.colcon_core.package_identification:_identify(src/unitree) by extensions ['colcon_meta']
[1.302s] Level 1:colcon.colcon_core.package_identification:_identify(src/unitree) by extension 'colcon_meta'
[1.302s] Level 1:colcon.colcon_core.package_identification:_identify(src/unitree) by extensions ['ros']
[1.302s] Level 1:colcon.colcon_core.package_identification:_identify(src/unitree) by extension 'ros'
[1.303s] Level 1:colcon.colcon_core.package_identification:_identify(src/unitree) by extensions ['cmake', 'python']
[1.303s] Level 1:colcon.colcon_core.package_identification:_identify(src/unitree) by extension 'cmake'
[1.303s] Level 1:colcon.colcon_core.package_identification:_identify(src/unitree) by extension 'python'
[1.303s] Level 1:colcon.colcon_core.package_identification:_identify(src/unitree) by extensions ['python_setup_py']
[1.304s] Level 1:colcon.colcon_core.package_identification:_identify(src/unitree) by extension 'python_setup_py'
[1.305s] Level 1:colcon.colcon_core.package_identification:_identify(src/unitree/unitree_api) by extensions ['ignore', 'ignore_ament_install']
[1.306s] Level 1:colcon.colcon_core.package_identification:_identify(src/unitree/unitree_api) by extension 'ignore'
[1.307s] Level 1:colcon.colcon_core.package_identification:_identify(src/unitree/unitree_api) by extension 'ignore_ament_install'
[1.307s] Level 1:colcon.colcon_core.package_identification:_identify(src/unitree/unitree_api) by extensions ['colcon_pkg']
[1.307s] Level 1:colcon.colcon_core.package_identification:_identify(src/unitree/unitree_api) by extension 'colcon_pkg'
[1.308s] Level 1:colcon.colcon_core.package_identification:_identify(src/unitree/unitree_api) by extensions ['colcon_meta']
[1.308s] Level 1:colcon.colcon_core.package_identification:_identify(src/unitree/unitree_api) by extension 'colcon_meta'
[1.308s] Level 1:colcon.colcon_core.package_identification:_identify(src/unitree/unitree_api) by extensions ['ros']
[1.308s] Level 1:colcon.colcon_core.package_identification:_identify(src/unitree/unitree_api) by extension 'ros'
[1.318s] DEBUG:colcon.colcon_core.package_identification:Package 'src/unitree/unitree_api' with type 'ros.ament_cmake' and name 'unitree_api'
[1.319s] Level 1:colcon.colcon_core.package_identification:_identify(src/unitree/unitree_go) by extensions ['ignore', 'ignore_ament_install']
[1.320s] Level 1:colcon.colcon_core.package_identification:_identify(src/unitree/unitree_go) by extension 'ignore'
[1.320s] Level 1:colcon.colcon_core.package_identification:_identify(src/unitree/unitree_go) by extension 'ignore_ament_install'
[1.320s] Level 1:colcon.colcon_core.package_identification:_identify(src/unitree/unitree_go) by extensions ['colcon_pkg']
[1.320s] Level 1:colcon.colcon_core.package_identification:_identify(src/unitree/unitree_go) by extension 'colcon_pkg'
[1.320s] Level 1:colcon.colcon_core.package_identification:_identify(src/unitree/unitree_go) by extensions ['colcon_meta']
[1.321s] Level 1:colcon.colcon_core.package_identification:_identify(src/unitree/unitree_go) by extension 'colcon_meta'
[1.321s] Level 1:colcon.colcon_core.package_identification:_identify(src/unitree/unitree_go) by extensions ['ros']
[1.322s] Level 1:colcon.colcon_core.package_identification:_identify(src/unitree/unitree_go) by extension 'ros'
[1.325s] DEBUG:colcon.colcon_core.package_identification:Package 'src/unitree/unitree_go' with type 'ros.ament_cmake' and name 'unitree_go'
[1.326s] Level 1:colcon.colcon_core.package_identification:_identify(src/unitree/unitree_hg) by extensions ['ignore', 'ignore_ament_install']
[1.326s] Level 1:colcon.colcon_core.package_identification:_identify(src/unitree/unitree_hg) by extension 'ignore'
[1.327s] Level 1:colcon.colcon_core.package_identification:_identify(src/unitree/unitree_hg) by extension 'ignore_ament_install'
[1.328s] Level 1:colcon.colcon_core.package_identification:_identify(src/unitree/unitree_hg) by extensions ['colcon_pkg']
[1.328s] Level 1:colcon.colcon_core.package_identification:_identify(src/unitree/unitree_hg) by extension 'colcon_pkg'
[1.329s] Level 1:colcon.colcon_core.package_identification:_identify(src/unitree/unitree_hg) by extensions ['colcon_meta']
[1.329s] Level 1:colcon.colcon_core.package_identification:_identify(src/unitree/unitree_hg) by extension 'colcon_meta'
[1.329s] Level 1:colcon.colcon_core.package_identification:_identify(src/unitree/unitree_hg) by extensions ['ros']
[1.329s] Level 1:colcon.colcon_core.package_identification:_identify(src/unitree/unitree_hg) by extension 'ros'
[1.331s] DEBUG:colcon.colcon_core.package_identification:Package 'src/unitree/unitree_hg' with type 'ros.ament_cmake' and name 'unitree_hg'
[1.332s] Level 1:colcon.colcon_core.package_discovery:discover_packages(recursive) using defaults
[1.332s] Level 1:colcon.colcon_core.package_discovery:discover_packages(ignore) discover
[1.333s] Level 1:colcon.colcon_core.package_discovery:discover_packages(ignore) using defaults
[1.334s] Level 1:colcon.colcon_core.package_discovery:discover_packages(path) discover
[1.334s] Level 1:colcon.colcon_core.package_discovery:discover_packages(path) using defaults
[1.421s] Level 1:colcon.colcon_core.package_discovery:discover_packages(prefix_path) check parameters
[1.421s] Level 1:colcon.colcon_core.package_discovery:discover_packages(prefix_path) discover
[1.433s] DEBUG:colcon.colcon_installed_package_information.package_discovery:Found 1 installed packages in /home/lzbb/go2_ws/install
[1.439s] DEBUG:colcon.colcon_installed_package_information.package_discovery:Found 316 installed packages in /opt/ros/humble
[1.488s] Level 1:colcon.colcon_core.package_discovery:discover_packages(prefix_path) using defaults
[1.670s] Level 5:colcon.colcon_core.verb:set package 'unitree_api' build argument 'cmake_args' from command line to 'None'
[1.671s] Level 5:colcon.colcon_core.verb:set package 'unitree_api' build argument 'cmake_target' from command line to 'None'
[1.671s] Level 5:colcon.colcon_core.verb:set package 'unitree_api' build argument 'cmake_target_skip_unavailable' from command line to 'False'
[1.671s] Level 5:colcon.colcon_core.verb:set package 'unitree_api' build argument 'cmake_clean_cache' from command line to 'False'
[1.671s] Level 5:colcon.colcon_core.verb:set package 'unitree_api' build argument 'cmake_clean_first' from command line to 'False'
[1.671s] Level 5:colcon.colcon_core.verb:set package 'unitree_api' build argument 'cmake_force_configure' from command line to 'False'
[1.671s] Level 5:colcon.colcon_core.verb:set package 'unitree_api' build argument 'ament_cmake_args' from command line to 'None'
[1.672s] Level 5:colcon.colcon_core.verb:set package 'unitree_api' build argument 'catkin_cmake_args' from command line to 'None'
[1.673s] Level 5:colcon.colcon_core.verb:set package 'unitree_api' build argument 'catkin_skip_building_tests' from command line to 'False'
[1.673s] DEBUG:colcon.colcon_core.verb:Building package 'unitree_api' with the following arguments: {'ament_cmake_args': None, 'build_base': '/home/lzbb/rk_inspection_ws/third_party/unitree_ros2/cyclonedds_ws/build/unitree_api', 'catkin_cmake_args': None, 'catkin_skip_building_tests': False, 'cmake_args': None, 'cmake_clean_cache': False, 'cmake_clean_first': False, 'cmake_force_configure': False, 'cmake_target': None, 'cmake_target_skip_unavailable': False, 'install_base': '/home/lzbb/rk_inspection_ws/third_party/unitree_ros2/cyclonedds_ws/install/unitree_api', 'merge_install': False, 'path': '/home/lzbb/rk_inspection_ws/third_party/unitree_ros2/cyclonedds_ws/src/unitree/unitree_api', 'symlink_install': True, 'test_result_base': None}
[1.674s] Level 5:colcon.colcon_core.verb:set package 'unitree_go' build argument 'cmake_args' from command line to 'None'
[1.675s] Level 5:colcon.colcon_core.verb:set package 'unitree_go' build argument 'cmake_target' from command line to 'None'
[1.675s] Level 5:colcon.colcon_core.verb:set package 'unitree_go' build argument 'cmake_target_skip_unavailable' from command line to 'False'
[1.675s] Level 5:colcon.colcon_core.verb:set package 'unitree_go' build argument 'cmake_clean_cache' from command line to 'False'
[1.675s] Level 5:colcon.colcon_core.verb:set package 'unitree_go' build argument 'cmake_clean_first' from command line to 'False'
[1.675s] Level 5:colcon.colcon_core.verb:set package 'unitree_go' build argument 'cmake_force_configure' from command line to 'False'
[1.675s] Level 5:colcon.colcon_core.verb:set package 'unitree_go' build argument 'ament_cmake_args' from command line to 'None'
[1.675s] Level 5:colcon.colcon_core.verb:set package 'unitree_go' build argument 'catkin_cmake_args' from command line to 'None'
[1.676s] Level 5:colcon.colcon_core.verb:set package 'unitree_go' build argument 'catkin_skip_building_tests' from command line to 'False'
[1.676s] DEBUG:colcon.colcon_core.verb:Building package 'unitree_go' with the following arguments: {'ament_cmake_args': None, 'build_base': '/home/lzbb/rk_inspection_ws/third_party/unitree_ros2/cyclonedds_ws/build/unitree_go', 'catkin_cmake_args': None, 'catkin_skip_building_tests': False, 'cmake_args': None, 'cmake_clean_cache': False, 'cmake_clean_first': False, 'cmake_force_configure': False, 'cmake_target': None, 'cmake_target_skip_unavailable': False, 'install_base': '/home/lzbb/rk_inspection_ws/third_party/unitree_ros2/cyclonedds_ws/install/unitree_go', 'merge_install': False, 'path': '/home/lzbb/rk_inspection_ws/third_party/unitree_ros2/cyclonedds_ws/src/unitree/unitree_go', 'symlink_install': True, 'test_result_base': None}
[1.679s] Level 5:colcon.colcon_core.verb:set package 'unitree_hg' build argument 'cmake_args' from command line to 'None'
[1.679s] Level 5:colcon.colcon_core.verb:set package 'unitree_hg' build argument 'cmake_target' from command line to 'None'
[1.679s] Level 5:colcon.colcon_core.verb:set package 'unitree_hg' build argument 'cmake_target_skip_unavailable' from command line to 'False'
[1.679s] Level 5:colcon.colcon_core.verb:set package 'unitree_hg' build argument 'cmake_clean_cache' from command line to 'False'
[1.679s] Level 5:colcon.colcon_core.verb:set package 'unitree_hg' build argument 'cmake_clean_first' from command line to 'False'
[1.680s] Level 5:colcon.colcon_core.verb:set package 'unitree_hg' build argument 'cmake_force_configure' from command line to 'False'
[1.680s] Level 5:colcon.colcon_core.verb:set package 'unitree_hg' build argument 'ament_cmake_args' from command line to 'None'
[1.680s] Level 5:colcon.colcon_core.verb:set package 'unitree_hg' build argument 'catkin_cmake_args' from command line to 'None'
[1.680s] Level 5:colcon.colcon_core.verb:set package 'unitree_hg' build argument 'catkin_skip_building_tests' from command line to 'False'
[1.680s] DEBUG:colcon.colcon_core.verb:Building package 'unitree_hg' with the following arguments: {'ament_cmake_args': None, 'build_base': '/home/lzbb/rk_inspection_ws/third_party/unitree_ros2/cyclonedds_ws/build/unitree_hg', 'catkin_cmake_args': None, 'catkin_skip_building_tests': False, 'cmake_args': None, 'cmake_clean_cache': False, 'cmake_clean_first': False, 'cmake_force_configure': False, 'cmake_target': None, 'cmake_target_skip_unavailable': False, 'install_base': '/home/lzbb/rk_inspection_ws/third_party/unitree_ros2/cyclonedds_ws/install/unitree_hg', 'merge_install': False, 'path': '/home/lzbb/rk_inspection_ws/third_party/unitree_ros2/cyclonedds_ws/src/unitree/unitree_hg', 'symlink_install': True, 'test_result_base': None}
[1.680s] INFO:colcon.colcon_core.executor:Executing jobs using 'parallel' executor
[1.684s] DEBUG:colcon.colcon_parallel_executor.executor.parallel:run_until_complete
[1.686s] INFO:colcon.colcon_ros.task.ament_cmake.build:Building ROS package in '/home/lzbb/rk_inspection_ws/third_party/unitree_ros2/cyclonedds_ws/src/unitree/unitree_api' with build type 'ament_cmake'
[1.687s] INFO:colcon.colcon_cmake.task.cmake.build:Building CMake package in '/home/lzbb/rk_inspection_ws/third_party/unitree_ros2/cyclonedds_ws/src/unitree/unitree_api'
[1.692s] INFO:colcon.colcon_core.plugin_system:Skipping extension 'colcon_core.shell.bat': Not used on non-Windows systems
[1.693s] INFO:colcon.colcon_core.shell:Skip shell extension 'powershell' for command environment: Not usable outside of PowerShell
[1.693s] DEBUG:colcon.colcon_core.shell:Skip shell extension 'dsv' for command environment
[1.716s] INFO:colcon.colcon_ros.task.ament_cmake.build:Building ROS package in '/home/lzbb/rk_inspection_ws/third_party/unitree_ros2/cyclonedds_ws/src/unitree/unitree_go' with build type 'ament_cmake'
[1.717s] INFO:colcon.colcon_cmake.task.cmake.build:Building CMake package in '/home/lzbb/rk_inspection_ws/third_party/unitree_ros2/cyclonedds_ws/src/unitree/unitree_go'
[1.718s] INFO:colcon.colcon_core.shell:Skip shell extension 'powershell' for command environment: Not usable outside of PowerShell
[1.719s] DEBUG:colcon.colcon_core.shell:Skip shell extension 'dsv' for command environment
[1.740s] INFO:colcon.colcon_ros.task.ament_cmake.build:Building ROS package in '/home/lzbb/rk_inspection_ws/third_party/unitree_ros2/cyclonedds_ws/src/unitree/unitree_hg' with build type 'ament_cmake'
[1.743s] INFO:colcon.colcon_cmake.task.cmake.build:Building CMake package in '/home/lzbb/rk_inspection_ws/third_party/unitree_ros2/cyclonedds_ws/src/unitree/unitree_hg'
[1.743s] INFO:colcon.colcon_core.shell:Skip shell extension 'powershell' for command environment: Not usable outside of PowerShell
[1.743s] DEBUG:colcon.colcon_core.shell:Skip shell extension 'dsv' for command environment
[1.779s] DEBUG:colcon.colcon_core.event_handler.log_command:Invoking command in '/home/lzbb/rk_inspection_ws/third_party/unitree_ros2/cyclonedds_ws/build/unitree_api': CMAKE_PREFIX_PATH=${CMAKE_PREFIX_PATH}:/opt/ros/humble /usr/bin/cmake /home/lzbb/rk_inspection_ws/third_party/unitree_ros2/cyclonedds_ws/src/unitree/unitree_api -DAMENT_CMAKE_SYMLINK_INSTALL=1 -DCMAKE_INSTALL_PREFIX=/home/lzbb/rk_inspection_ws/third_party/unitree_ros2/cyclonedds_ws/install/unitree_api
[1.788s] DEBUG:colcon.colcon_core.event_handler.log_command:Invoking command in '/home/lzbb/rk_inspection_ws/third_party/unitree_ros2/cyclonedds_ws/build/unitree_go': CMAKE_PREFIX_PATH=${CMAKE_PREFIX_PATH}:/opt/ros/humble /usr/bin/cmake /home/lzbb/rk_inspection_ws/third_party/unitree_ros2/cyclonedds_ws/src/unitree/unitree_go -DAMENT_CMAKE_SYMLINK_INSTALL=1 -DCMAKE_INSTALL_PREFIX=/home/lzbb/rk_inspection_ws/third_party/unitree_ros2/cyclonedds_ws/install/unitree_go
[1.810s] DEBUG:colcon.colcon_core.event_handler.log_command:Invoking command in '/home/lzbb/rk_inspection_ws/third_party/unitree_ros2/cyclonedds_ws/build/unitree_hg': CMAKE_PREFIX_PATH=${CMAKE_PREFIX_PATH}:/opt/ros/humble /usr/bin/cmake /home/lzbb/rk_inspection_ws/third_party/unitree_ros2/cyclonedds_ws/src/unitree/unitree_hg -DAMENT_CMAKE_SYMLINK_INSTALL=1 -DCMAKE_INSTALL_PREFIX=/home/lzbb/rk_inspection_ws/third_party/unitree_ros2/cyclonedds_ws/install/unitree_hg
[10.255s] DEBUG:colcon.colcon_core.event_handler.log_command:Invoked command in '/home/lzbb/rk_inspection_ws/third_party/unitree_ros2/cyclonedds_ws/build/unitree_api' returned '0': CMAKE_PREFIX_PATH=${CMAKE_PREFIX_PATH}:/opt/ros/humble /usr/bin/cmake /home/lzbb/rk_inspection_ws/third_party/unitree_ros2/cyclonedds_ws/src/unitree/unitree_api -DAMENT_CMAKE_SYMLINK_INSTALL=1 -DCMAKE_INSTALL_PREFIX=/home/lzbb/rk_inspection_ws/third_party/unitree_ros2/cyclonedds_ws/install/unitree_api
[10.263s] DEBUG:colcon.colcon_core.event_handler.log_command:Invoking command in '/home/lzbb/rk_inspection_ws/third_party/unitree_ros2/cyclonedds_ws/build/unitree_api': CMAKE_PREFIX_PATH=${CMAKE_PREFIX_PATH}:/opt/ros/humble /usr/bin/cmake --build /home/lzbb/rk_inspection_ws/third_party/unitree_ros2/cyclonedds_ws/build/unitree_api -- -j4 -l4
[10.282s] DEBUG:colcon.colcon_core.event_handler.log_command:Invoked command in '/home/lzbb/rk_inspection_ws/third_party/unitree_ros2/cyclonedds_ws/build/unitree_hg' returned '0': CMAKE_PREFIX_PATH=${CMAKE_PREFIX_PATH}:/opt/ros/humble /usr/bin/cmake /home/lzbb/rk_inspection_ws/third_party/unitree_ros2/cyclonedds_ws/src/unitree/unitree_hg -DAMENT_CMAKE_SYMLINK_INSTALL=1 -DCMAKE_INSTALL_PREFIX=/home/lzbb/rk_inspection_ws/third_party/unitree_ros2/cyclonedds_ws/install/unitree_hg
[10.284s] DEBUG:colcon.colcon_core.event_handler.log_command:Invoking command in '/home/lzbb/rk_inspection_ws/third_party/unitree_ros2/cyclonedds_ws/build/unitree_hg': CMAKE_PREFIX_PATH=${CMAKE_PREFIX_PATH}:/opt/ros/humble /usr/bin/cmake --build /home/lzbb/rk_inspection_ws/third_party/unitree_ros2/cyclonedds_ws/build/unitree_hg -- -j4 -l4
[12.565s] DEBUG:colcon.colcon_core.event_handler.log_command:Invoked command in '/home/lzbb/rk_inspection_ws/third_party/unitree_ros2/cyclonedds_ws/build/unitree_go' returned '0': CMAKE_PREFIX_PATH=${CMAKE_PREFIX_PATH}:/opt/ros/humble /usr/bin/cmake /home/lzbb/rk_inspection_ws/third_party/unitree_ros2/cyclonedds_ws/src/unitree/unitree_go -DAMENT_CMAKE_SYMLINK_INSTALL=1 -DCMAKE_INSTALL_PREFIX=/home/lzbb/rk_inspection_ws/third_party/unitree_ros2/cyclonedds_ws/install/unitree_go
[12.594s] DEBUG:colcon.colcon_core.event_handler.log_command:Invoking command in '/home/lzbb/rk_inspection_ws/third_party/unitree_ros2/cyclonedds_ws/build/unitree_go': CMAKE_PREFIX_PATH=${CMAKE_PREFIX_PATH}:/opt/ros/humble /usr/bin/cmake --build /home/lzbb/rk_inspection_ws/third_party/unitree_ros2/cyclonedds_ws/build/unitree_go -- -j4 -l4
[26.607s] Level 1:colcon.colcon_core.environment:create_environment_scripts_only(unitree_api)
[26.598s] DEBUG:colcon.colcon_core.event_handler.log_command:Invoked command in '/home/lzbb/rk_inspection_ws/third_party/unitree_ros2/cyclonedds_ws/build/unitree_api' returned '2': CMAKE_PREFIX_PATH=${CMAKE_PREFIX_PATH}:/opt/ros/humble /usr/bin/cmake --build /home/lzbb/rk_inspection_ws/third_party/unitree_ros2/cyclonedds_ws/build/unitree_api -- -j4 -l4
[26.620s] Level 1:colcon.colcon_core.environment:checking '/home/lzbb/rk_inspection_ws/third_party/unitree_ros2/cyclonedds_ws/install/unitree_api' for CMake module files
[26.622s] Level 1:colcon.colcon_core.environment:checking '/home/lzbb/rk_inspection_ws/third_party/unitree_ros2/cyclonedds_ws/install/unitree_api' for CMake config files
[26.623s] Level 1:colcon.colcon_core.environment:checking '/home/lzbb/rk_inspection_ws/third_party/unitree_ros2/cyclonedds_ws/install/unitree_api/bin'
[26.625s] Level 1:colcon.colcon_core.environment:checking '/home/lzbb/rk_inspection_ws/third_party/unitree_ros2/cyclonedds_ws/install/unitree_api/lib/pkgconfig/unitree_api.pc'
[26.625s] Level 1:colcon.colcon_core.environment:checking '/home/lzbb/rk_inspection_ws/third_party/unitree_ros2/cyclonedds_ws/install/unitree_api/lib/python3.10/site-packages'
[26.627s] Level 1:colcon.colcon_core.environment:checking '/home/lzbb/rk_inspection_ws/third_party/unitree_ros2/cyclonedds_ws/install/unitree_api/bin'
[26.629s] INFO:colcon.colcon_core.shell:Creating package script '/home/lzbb/rk_inspection_ws/third_party/unitree_ros2/cyclonedds_ws/install/unitree_api/share/unitree_api/package.ps1'
[26.638s] INFO:colcon.colcon_core.shell:Creating package descriptor '/home/lzbb/rk_inspection_ws/third_party/unitree_ros2/cyclonedds_ws/install/unitree_api/share/unitree_api/package.dsv'
[26.643s] INFO:colcon.colcon_core.shell:Creating package script '/home/lzbb/rk_inspection_ws/third_party/unitree_ros2/cyclonedds_ws/install/unitree_api/share/unitree_api/package.sh'
[26.646s] INFO:colcon.colcon_core.shell:Creating package script '/home/lzbb/rk_inspection_ws/third_party/unitree_ros2/cyclonedds_ws/install/unitree_api/share/unitree_api/package.bash'
[26.655s] INFO:colcon.colcon_core.shell:Creating package script '/home/lzbb/rk_inspection_ws/third_party/unitree_ros2/cyclonedds_ws/install/unitree_api/share/unitree_api/package.zsh'
[26.660s] Level 1:colcon.colcon_core.environment:create_file_with_runtime_dependencies(/home/lzbb/rk_inspection_ws/third_party/unitree_ros2/cyclonedds_ws/install/unitree_api/share/colcon-core/packages/unitree_api)
[38.936s] DEBUG:colcon.colcon_parallel_executor.executor.parallel:closing loop
[38.937s] DEBUG:colcon.colcon_parallel_executor.executor.parallel:loop closed
[38.937s] DEBUG:colcon.colcon_parallel_executor.executor.parallel:run_until_complete finished with '2'
[38.937s] DEBUG:colcon.colcon_core.event_reactor:joining thread
[38.938s] DEBUG:colcon.colcon_core.event_reactor:joined thread
[38.939s] INFO:colcon.colcon_core.shell:Creating prefix script '/home/lzbb/rk_inspection_ws/third_party/unitree_ros2/cyclonedds_ws/install/local_setup.ps1'
[38.944s] INFO:colcon.colcon_core.shell:Creating prefix util module '/home/lzbb/rk_inspection_ws/third_party/unitree_ros2/cyclonedds_ws/install/_local_setup_util_ps1.py'
[38.949s] INFO:colcon.colcon_core.shell:Creating prefix chain script '/home/lzbb/rk_inspection_ws/third_party/unitree_ros2/cyclonedds_ws/install/setup.ps1'
[38.953s] INFO:colcon.colcon_core.shell:Creating prefix script '/home/lzbb/rk_inspection_ws/third_party/unitree_ros2/cyclonedds_ws/install/local_setup.sh'
[38.956s] INFO:colcon.colcon_core.shell:Creating prefix util module '/home/lzbb/rk_inspection_ws/third_party/unitree_ros2/cyclonedds_ws/install/_local_setup_util_sh.py'
[38.958s] INFO:colcon.colcon_core.shell:Creating prefix chain script '/home/lzbb/rk_inspection_ws/third_party/unitree_ros2/cyclonedds_ws/install/setup.sh'
[38.963s] INFO:colcon.colcon_core.shell:Creating prefix script '/home/lzbb/rk_inspection_ws/third_party/unitree_ros2/cyclonedds_ws/install/local_setup.bash'
[38.965s] INFO:colcon.colcon_core.shell:Creating prefix chain script '/home/lzbb/rk_inspection_ws/third_party/unitree_ros2/cyclonedds_ws/install/setup.bash'
[38.968s] INFO:colcon.colcon_core.shell:Creating prefix script '/home/lzbb/rk_inspection_ws/third_party/unitree_ros2/cyclonedds_ws/install/local_setup.zsh'
[38.970s] INFO:colcon.colcon_core.shell:Creating prefix chain script '/home/lzbb/rk_inspection_ws/third_party/unitree_ros2/cyclonedds_ws/install/setup.zsh'
